#-
#-
#-	editor
#-	Mon Oct 25 12:13:24 2010
#-
#-
#-	Reference sequence:  AF375552;
#-	Attributes:
#=		AF375552;	in  out  vis  prt   ord  dna  lin  5>3  func ref
#=		HSFAU		in  out  vis  prt   ord  dna  lin  5>3  func
#=		HSFAU1		in  out  vis  prt   ord  dna  lin  5>3  func
#-
#:AF375552;:name:Lactococcus lactis subsp. lactis.
#:AF375552;:strain:NCDO2118 tmRNA gene, partial sequence
#:AF375552;:subsp:lactis
#:AF375552;:atcc:NCDO 2118 tmRNA gene
#:AF375552;:date:31-MAY-2001
#:AF375552;:acs:AF375552;
#:AF375552;:auth:Schoenhuber,W., Le Bourhis,G., Tremblay,J., Amann,R. and
#:AF375552;:auth:Kulakauskas,S.
#:AF375552;:jour:BMC Microbiol. 1(1), 20-20 (2001)
#:AF375552;:title:Utilization of tmRNA sequences for bacterial identification
#:AF375552;:rem:ref:1  (bases 1 to 310)
#:AF375552;:rem:ref:2  (bases 1 to 310)
#:AF375552;:rem:auth:Schoenhuber,W., Le Bourhis,G., Tremblay,J., Amann,R.I.
#:AF375552;:rem::  and Kulakauskas,S.
#:AF375552;:rem:jour:Submitted (02-MAY-2001) to the EMBL/GenBank/DDBJ
#:AF375552;:rem::  databases. Microbiology, Institut National de la Recherche
#:AF375552;:rem::  Agronomique, Domaine de Vilvert, Jouy-en-Josas 78352,
#:AF375552;:rem::  France
#:AF375552;:rem:standard:No information
#:AF375552;:rem:KEYWORDS:No information.
#:AF375552;:rem:GenBank ACCESSION:AF375552
#:AF375552;:rem:Please note: all these entries have been modified for test
#:AF375552;:rem:purposes.
#:AF375552;:rem:*source: strain=NCDO2118 tmRNA gene, partial sequence;
#:AF375552;:rem:*source: subspecies=lactis;
#:HSFAU:name:H.sapiens fau
#:HSFAU:date:25-OCT-2010
#:HSFAU:acs:X65923
#:HSFAU:rem:GenBank ACCESSION:X65923
#:HSFAU1:name:H.sapiens fau
#:HSFAU1:rna:This is the content of the special entry 'Sequencing methods'
#:HSFAU1:date:25-OCT-2010
#:HSFAU1:acs:X65921;
#:HSFAU1:rem:GenBank ACCESSION:X65921
#:HSFAU1:rem:Source of strain:This is the content of the special entry 'Source
#:HSFAU1:rem::  of strain'
#:HSFAU1:rem:Former name:This is the content of the special entry 'Former
#:HSFAU1:rem::  name'
#:HSFAU1:rem:Alternate name:This is the content of the special entry
#:HSFAU1:rem::  'Alternate name'. It is quite long, since i need to test some
#:HSFAU1:rem::  special entry which occupies many lines and when i say many
#:HSFAU1:rem::  lines, i really mean at least five lines, so i could not stop
#:HSFAU1:rem::  writing before i came here.
#:HSFAU1:rem:Common name:This is the content of the special entry 'Common
#:HSFAU1:rem::  name'
#:HSFAU1:rem:Host organism:This is the content of the special entry 'Host
#:HSFAU1:rem::  organism'
#:HSFAU1:rem:RDP ID:This is the content of the special entry 'RDP ID'
#:HSFAU1:rem:Sequencing methods:This is the content of the special entry
#:HSFAU1:rem::  'Sequencing methods'
#:HSFAU1:rem:3' end complete:  No
#:HSFAU1:rem:5' end complete:  Yes
#:HSFAU1:rem:Organism and Sequence information have only been added for
#:HSFAU1:rem:test purposes. They are complete nonsense!
AF375552;     0 cattgtcgcgcatgaactgcaactgctgagggatcaggataatcatccgc
AF375552;    50 agataaatataactgctaaaaataatacacaaacttacgcaatggcagcc
AF375552;   100 taaacagcaccatgcgtgcctgatttttgctcactgatggcaatttgacg
AF375552;   150 gcctaaacttttagtcagatacgttgttgtggaggcttgacgcagcaaaa
AF375552;   200 gagatttaaagccccgcaaaatgtcgctgtttgagactggctttggcatt
AF375552;   250 ttgttaaatttgagaaagtcctatggttgtagacgttgatgtagcaaggt
AF375552;   300 gtttggacag
HSFAU     0 ttcctctttctcgactccatcttcgcggtagctgggaccgccgttcagtc
HSFAU    50 gccaatatgcagctctttgtccgcgcccaggagctacacaccttcgaggt
HSFAU   100 gaccggccaggaaacggtcgcccagatcaaggctcatgtagcctcactgg
HSFAU   150 agggcattgccccggaagatcaagtcgtgctcctggcaggcgcgcccctg
HSFAU   200 gaggatgaggccactctgggccagtgcggggtggaggccctgactaccct
HSFAU   250 ggaagtagcaggccgcatgcttggaggtaaagttcatggttccctggccc
HSFAU   300 gtgctggaaaagtgagaggtcagactcctaaggtggccaaacaggagaag
HSFAU   350 aagaagaagaagacaggtcgggctaagcggcggatgcagtacaaccggcg
HSFAU   400 ctttgtcaacgttgtgcccacctttggcaagaagaagggccccaatgcca
HSFAU   450 actcttaagtcttttgtaattctggctttctctaataaaaaagccactta
HSFAU   500 gttcagtcaaaaaaaaaa
HSFAU1     0 ctaccattttccctctcgattctatatgtacactcgggacaagttctcct
HSFAU1    50 gatcgaaaacggcaaaactaaggccccaagtaggaatgccttagttttcg
HSFAU1   100 gggttaacaatgattaacactgagcctcacacccacgcgatgccctcagc
HSFAU1   150 tcctcgctcagcgctctcaccaacagccgtagcccgcagccccgctggac
HSFAU1   200 accggttctccatccccgcagcgtagcccggaacatggtagctgccatct
HSFAU1   250 ttacctgctacgccagccttctgtgcgcgcaactgtctggtcccgccccg
HSFAU1   300 tcctgcgcgagctgctgcccaggcaggttcgccggtgcgagcgtaaaggg
HSFAU1   350 gcggagctaggactgccttgggcggtacaaatagcagggaaccgcgcggt
HSFAU1   400 cgctcagcagtgacgtgacacgcagcccacggtctgtactgacgcgccct
HSFAU1   450 cgcttcttcctctttctcgactccatcttcgcggtagctgggaccgccgt
HSFAU1   500 tcaggtaagaatggggccttggctggatccgaagggcttgtagcaggttg
HSFAU1   550 gctgcggggtcagaaggcgcggggggaaccgaagaacggggcctgctccg
HSFAU1   600 tggccctgctccagtccctatccgaactccttgggaggcactggccttcc
HSFAU1   650 gcacgtgagccgccgcgaccaccatcccgtcgcgatcgtttctggaccgc
HSFAU1   700 tttccactcccaaatctcctttatcccagagcatttcttggcttctctta
HSFAU1   750 caagccgtcttttctttactcagtcgccaatatgcagctctttgtccgcg
HSFAU1   800 cccaggagctacacaccttcgaggtgaccggccaggaaacggtcgcccag
HSFAU1   850 atcaaggtaaggctgcttggtgcgccctgggttccattttcttgtgctct
HSFAU1   900 tcactctcgcggcccgagggaacgcttacgagccttatctttccctgtag
HSFAU1   950 gctcatgtagcctcactggagggcattgccccggaagatcaagtcgtgct
HSFAU1  1000 cctggcaggcgcgcccctggaggatgaggccactctgggccagtgcgggg
HSFAU1  1050 tggaggccctgactaccctggaagtagcaggccgcatgcttggaggtgag
HSFAU1  1100 tgagagaggaatgttctttgaagtaccggtaagcgtctagtgagtgtggg
HSFAU1  1150 gtgcatagtcctgacagctgagtgtcacacctatggtaatagagtacttc
HSFAU1  1200 tcactgtcttcagttcagagtgattcttcctgtttacatccctcatgttg
HSFAU1  1250 aacacagacgtccatgggagactgagccagagtgtagttgtatttcagtc
HSFAU1  1300 acatcacgagatcctagtctggttatcagcttccacactaaaaattaggt
HSFAU1  1350 cagaccaggccccaaagtgctctataaattagaagctggaagatcctgaa
HSFAU1  1400 atgaaacttaagatttcaaggtcaaatatctgcaactttgttctcattac
HSFAU1  1450 ctattgggcgcagcttctctttaaaggcttgaattgagaaaagaggggtt
HSFAU1  1500 ctgctgggtggcaccttcttgctcttacctgctggtgccttcctttccca
HSFAU1  1550 ctacaggtaaagtccatggttccctggcccgtgctggaaaagtgagaggt
HSFAU1  1600 cagactcctaaggtgagtgagagtattagtggtcatggtgttaggacttt
HSFAU1  1650 ttttcctttcacagctaaaccaagtccctgggctcttactcggtttgcct
HSFAU1  1700 tctccctccctggagatgagcctgagggaagggatgctaggtgtggaaga
HSFAU1  1750 caggaaccagggcctgattaaccttcccttctccaggtggccaaacagga
HSFAU1  1800 gaagaagaagaagaagacaggtcgggctaagcggcggatgcagtacaacc
HSFAU1  1850 ggcgctttgtcaacgttgtgcccacctttggcaagaagaagggccccaat
HSFAU1  1900 gccaactcttaagtcttttgtaattctggctttctctaataaaaaagcca
HSFAU1  1950 cttagttcagtcatcgcattgtttcatctttacttgcaaggcctcaggga
HSFAU1  2000 gaggtgtgcttctcgg
