       5     1546
AF375552;  cattgtcgcg catgaactgc aactgctgag ggatcaggat aatcatccgc
A1MVRNA2   gtttttatct tttcgcgatt gaaaagataa gtttttcagt ttaatctttt
ER781674_1 tggcgccgta gatgcagcgc gactggcccg gcttctcggc gtcgaggtac
AY704744_1 gcatcgatga agaacgcagc gaaatgcgat aagtaatgtg aattgcagaa
Y15714;    agagtttgat nngggctcag gatgaacgct ggcggcgtgc ctaatacatg

agataaatat aactgctaaa aataatacac aaacttacgc aatggcagcc taaacagcac
caatatgttc actcttttga gatgtctcgg attcggtgtt aatgaaccta ctaacacttc
tgcgccacgg ccttggcgct ggccacgtcc gggcagacca cgatgctctt gcgtgagccg
ttcagtgaat catcgaatct ttgaacgcac attgcgccca ttagtattct agtgggcatg
caagtcgagc ggacagacga ggtgcttgca cctctgaagt cagcggcgga cgggtgagta

catgcgtgcc tgatttttgc tcactgatgg caatttgacg gcctaaactt ttagtcagat
ctcatcagag tatgttcccg agtattccgt tgaagagatt tccaacgaag tcgctgaact
gcgacgtgga cgatgccctt ggccagttcg atcatcgtct ggtcgttggt gatccgggcg
cctgttcgag cgtcatttca acccttaagc ttagcttagt attgggaatc tgcttaaccg
acacgtgggt aacctacctg taagactggg ataacttcgg gaaaccggag ctaataccgg

acgttgttgt ggaggcttga cgcagcaaaa gagatttaaa gccccgcaaa atgtcgctgt
cgattcagtg gatccattat tccaatgtta caaacatgtt tttgtatcat tgatgctcgt
gcgatctcgg cgtcggaata gtccttctcg ccggcctcgt tctccgccac ggtcagcgtg
cagctcctta aatctagttg gcagagcaca gctgtactct gagcgtagta attcattatc
ataatatttt ccacctcatg gtggaatagt gaaagacggt tttgctgtca cttacagatg

ttgagactgg ctttggcatt ttgttaaatt tgagaaagtc ctatggttgt agacgttgat
aagaaagatg actcaagctg ccgaagactt cctcgagagt tttgggggag a
gagaagtcga tggagacgcg gacgaacgcc tgcttggcgg ggcagagcca taccgttggc
tcgctttctg aagacagtcg tacgatagcc acaaactttg catcttgcaa actttttaat
gacccgcggc gcattagcta gttggtgagg taacggctca ccaaggcgac gatgcgtagc

gtagcaaggt gtttggacag

catgcctcac aggatgtcgc ggttgaaggc gaggccctgg aacaggttgg ccatcgccac
ggttgacctc ggatcaggta ggaatacccg ctgaacttaa gcatatcaat aagcggagga
cgacctgaga gggtgatcgg ccacactggg actgagacac ggcccagact cctacgggag





gcagcagtag ggaatcttcc gcaatggacg aaagtctgac ggagcaacgc cgcgtgagtg





aagaaggtct tcggatcgta aaactctgtt gtaagggaag aacaagtacg ttagtaactg





aacgtacctt gacggtacct taccagaaag ccacggctaa ctacgtgcca gcagccgcgg





taatacgtag gtggcaagcg ttatccggaa ttattgggcg taaagcgcgc gtaggcggtt





tcttaagtct gatgtgaaag cccccggctc aaccggggag ggtcattgga aactgggaga





cttgagtgca gaagaggaga gtggaattcc atgtgtagcg gtgaaatgcg cagagatatg





gaggaacacc agtggcgaag gcggctctct ggtctgtaac tgacgctgag gtgcgaaagc





gtggggatca aacaggatta gataccctgg tagtccacgc cgtaaacgat gagtgctaag





tgttgggggg tttccgcccc tcagtgctgc agctaacgca ttaagcactc cgcctgggga





gtacggtcgc aagactgaaa ctcaaaggaa ttgacgggga cccgcacaag cggtggagca





tgtggtttaa ttcgaagcaa cgcgaagaac cttaccaaat cttgacatcc tctgacaact





ctggagacag agcgttcccc ttcgggggac agagtgacag gtggtgcatg gttgtcgtca





gctcgtgtcg tgagatgttg ggttaagtcc cgcaacgagc gcaaccctta tctttagttg





ccatcattca gttgggcact ctagagagac tgccggtgac aaaccggagg aaggtgggga





tgacgtcaaa tcatcatgcc ccttatgatt tgggctacac acgtgctaca atggatggta





caaagggcag caaaaccgcg aggtcaagca aatcccataa aaccattctc agttcggatt





gtagtctgca actcgactac atgaagctgg aatcgctagt aatcgtagat cagcatgcta





cggtgaatac gttcccgggt cttgtacaca ccgcccgtca caccacgaga gtttgtaaca





cccgaagccg gtggagtaac ctttacagga gctagccgtc gaaggtggga cagatgattg





gggtgaagtc gtaacaaggt agccgtatcg gaaggtgcgg ctggatcacc tccttt
