ID   AF375552; preliminary; RNA; UNA; 310 BP.
XX
AC   AF375552;
XX
DT   31-MAY-2001 (Rel. 1, Last updated, Version 1)
DT   31-MAY-2001 (Rel. 1, Created)
XX
DE   Lactococcus lactis subsp. lactis subsp. lactis str. NCDO2118 tmRNA
DE   gene, partial sequence.
XX
KW   .
XX
OS   Lactococcus lactis subsp. lactis.
OC   No information.
XX
RN   [1]
RP   1-310
RA   Schoenhuber W., Le Bourhis G., Tremblay J., Amann R., Kulakauskas S.;
RT   "Utilization of tmRNA sequences for bacterial identification";
RL   BMC Microbiol. 1(1):20-20(2001).
XX
RN   [2]
RP   1-310
RA   Schoenhuber W., Le Bourhis G., Tremblay J., Amann R.I.,
RA   Kulakauskas S.;
RT   ;
RL   Submitted (02-MAY-2001) to the EMBL/GenBank/DDBJ databases.
RL   Microbiology, Institut National de la Recherche Agronomique, Domaine
RL   de Vilvert, Jouy-en-Josas 78352, France.
XX
DR   RDP; AF375552;.
XX
CC   Organism information
CC     Culture collection: NCDO 2118 tmRNA gene
CC   Sequence information (bases 1 to 310)
CC     Corresponding GenBank entry: AF375552;
CC   Please note: all these entries have been modified for test
purposes.
CC   *source: strain=NCDO2118 tmRNA gene, partial sequence;
CC   *source: subspecies=lactis;
XX
SQ   Sequence 310 BP; 91 A; 59 C; 74 G; 86 T; 0 other;
     cattgtcgcg catgaactgc aactgctgag ggatcaggat aatcatccgc agataaatat
     aactgctaaa aataatacac aaacttacgc aatggcagcc taaacagcac catgcgtgcc
     tgatttttgc tcactgatgg caatttgacg gcctaaactt ttagtcagat acgttgttgt
     ggaggcttga cgcagcaaaa gagatttaaa gccccgcaaa atgtcgctgt ttgagactgg
     ctttggcatt ttgttaaatt tgagaaagtc ctatggttgt agacgttgat gtagcaaggt
     gtttggacag
//
ID   A1MVRNA2  preliminary; RNA; UNA; 281 BP.
XX
AC   X01572; J02002; K02702;
XX
DT   07-NOV-1985 (Rel. 1, Last updated, Version 1)
DT   07-NOV-1985 (Rel. 1, Created)
XX
DE   Alfalfa mosaic virus; unidentified reading frame.
XX
KW   unidentified reading frame.
XX
OS   Alfalfa mosaic virus.
OC   No information.
XX
RN   [1]
RP   1-2593
RA   Cornelissen B.J., Brederode F.T.M., Veeneman G.H., van Boom J. H.,
RA   Bol J.F.;
RT   "Complete nucleotide sequence of alfalfa mosaic virus RNA 2";
XX
DR   RDP; A1MVRNA2.
XX
CC   Sequence information (bases 1 to 281)
CC     Corresponding GenBank entry: X01572;
CC   Data kindly reviewed (30-JAN-1986) by J.F. Bol
XX
SQ   Sequence 281 BP; 74 A; 52 C; 56 G; 99 T; 0 other;
     gtttttatct tttcgcgatt gaaaagataa gtttttcagt ttaatctttt caatatgttc
     actcttttga gatgtctcgg attcggtgtt aatgaaccta ctaacacttc ctcatcagag
     tatgttcccg agtattccgt tgaagagatt tccaacgaag tcgctgaact cgattcagtg
     gatccattat tccaatgtta caaacatgtt tttgtatcat tgatgctcgt aagaaagatg
     actcaagctg ccgaagactt cctcgagagt tttgggggag a
//
ID   ER781674_ preliminary; RNA; UNA; 350 BP.
XX
AC   ER781674;
XX
DT   25-OCT-2010 (Rel. 1, Last updated, Version 1)
DT   25-OCT-2010 (Rel. 1, Created)
XX
DE   .
XX
KW   .
XX
DR   RDP; This; ER781674_1.
XX
CC   Organism information
CC     Source of strain: This is the content of the special entry 'Source
CC           of strain'
CC     Former name: This is the content of the special entry 'Former name'
CC     Alternate name: This is the content of the special entry 'Alternate
CC           name'. It is quite long, since i need to test some special
CC           entry which occupies many lines and when i say many lines, i
CC           really mean at least five lines, so i could not stop writing
CC           before i came here.
CC     Common name: This is the content of the special entry 'Common name'
CC     Host organism: This is the content of the special entry 'Host
CC           organism'
CC   Sequence information (bases 1 to 350)
CC     RDP ID: This is the content of the special entry 'RDP ID'
CC     Corresponding GenBank entry: ER781674;
CC     Sequencing methods: This is the content of the special entry
CC           'Sequencing methods'
CC     5' end complete: Yes
CC     3' end complete: No
CC   Organism and Sequence information have only been added for
CC   test purposes. They are complete nonsense!
XX
SQ   Sequence 350 BP; 51 A; 109 C; 124 G; 66 T; 0 other;
     tggcgccgta gatgcagcgc gactggcccg gcttctcggc gtcgaggtac tgcgccacgg
     ccttggcgct ggccacgtcc gggcagacca cgatgctctt gcgtgagccg gcgacgtgga
     cgatgccctt ggccagttcg atcatcgtct ggtcgttggt gatccgggcg gcgatctcgg
     cgtcggaata gtccttctcg ccggcctcgt tctccgccac ggtcagcgtg gagaagtcga
     tggagacgcg gacgaacgcc tgcttggcgg ggcagagcca taccgttggc catgcctcac
     aggatgtcgc ggttgaaggc gaggccctgg aacaggttgg ccatcgccac
//
ID   AY704744_ preliminary; RNA; UNA; 350 BP.
XX
AC   AY704744;
XX
DT   25-OCT-2010 (Rel. 1, Last updated, Version 1)
DT   25-OCT-2010 (Rel. 1, Created)
XX
DE   .
XX
KW   .
XX
DR   RDP; AY704744_1.
XX
CC   Sequence information (bases 1 to 350)
CC     Corresponding GenBank entry: AY704744;
CC     5' end complete: No
CC     3' end complete: Yes
CC   Next 2 lines are nonsense
XX
SQ   Sequence 350 BP; 100 A; 75 C; 77 G; 98 T; 0 other;
     gcatcgatga agaacgcagc gaaatgcgat aagtaatgtg aattgcagaa ttcagtgaat
     catcgaatct ttgaacgcac attgcgccca ttagtattct agtgggcatg cctgttcgag
     cgtcatttca acccttaagc ttagcttagt attgggaatc tgcttaaccg cagctcctta
     aatctagttg gcagagcaca gctgtactct gagcgtagta attcattatc tcgctttctg
     aagacagtcg tacgatagcc acaaactttg catcttgcaa actttttaat ggttgacctc
     ggatcaggta ggaatacccg ctgaacttaa gcatatcaat aagcggagga
//
ID   Y15714;   preliminary; RNA; UNA; 1546 BP.
XX
AC   Y15714;
XX
DT   17-NOV-1998 (Rel. 1, Last updated, Version 1)
DT   17-NOV-1998 (Rel. 1, Created)
XX
DE   Macrococcus bovicus; 16S ribosomal RNA; 16S rRNA gene.
XX
KW   16S ribosomal RNA; 16S rRNA gene.
XX
OS   Macrococcus bovicus.
OC   No information.
XX
RN   [1]
RA   Kloos W.E., Ballard D.N., George C.G., Webster J.A., Hubner R.J. ,
RA   Ludwig W., Schleifer K.H., Fiedler F., Schubert K.;
RT   "Delimiting the genus Staphylococcus through description of
RT   Macrococcus caseolyticus gen. nov., comb. nov. and the new species
RT   Macrococcus equipercicus sp. nov., Macrococcus bovicus sp. nov., and
RT   Macrococcus carouselicus sp. nov.";
RL   Int. J. Syst. Bacteriol. 48:859-877(1998).
XX
RN   [2]
RP   1-1546
RA   Ludwig W.;
RT   ;
RL   Submitted (26-NOV-1997) to the EMBL/GenBank/DDBJ databases. W. Ludwig,
RL   Lehrstuhl fuer Mikrobiologie, Technische Universitaet Muenchen,
RL   Munich, FRG.
XX
DR   RDP; Y15714;.
XX
CC   Sequence information (bases 1 to 1546)
CC     Corresponding GenBank entry: Y15714;
SQ   Sequence 1546 BP; 401 A; 353 C; 470 G; 320 T; 2 other;
     agagtttgat nngggctcag gatgaacgct ggcggcgtgc ctaatacatg caagtcgagc
     ggacagacga ggtgcttgca cctctgaagt cagcggcgga cgggtgagta acacgtgggt
     aacctacctg taagactggg ataacttcgg gaaaccggag ctaataccgg ataatatttt
     ccacctcatg gtggaatagt gaaagacggt tttgctgtca cttacagatg gacccgcggc
     gcattagcta gttggtgagg taacggctca ccaaggcgac gatgcgtagc cgacctgaga
     gggtgatcgg ccacactggg actgagacac ggcccagact cctacgggag gcagcagtag
     ggaatcttcc gcaatggacg aaagtctgac ggagcaacgc cgcgtgagtg aagaaggtct
     tcggatcgta aaactctgtt gtaagggaag aacaagtacg ttagtaactg aacgtacctt
     gacggtacct taccagaaag ccacggctaa ctacgtgcca gcagccgcgg taatacgtag
     gtggcaagcg ttatccggaa ttattgggcg taaagcgcgc gtaggcggtt tcttaagtct
     gatgtgaaag cccccggctc aaccggggag ggtcattgga aactgggaga cttgagtgca
     gaagaggaga gtggaattcc atgtgtagcg gtgaaatgcg cagagatatg gaggaacacc
     agtggcgaag gcggctctct ggtctgtaac tgacgctgag gtgcgaaagc gtggggatca
     aacaggatta gataccctgg tagtccacgc cgtaaacgat gagtgctaag tgttgggggg
     tttccgcccc tcagtgctgc agctaacgca ttaagcactc cgcctgggga gtacggtcgc
     aagactgaaa ctcaaaggaa ttgacgggga cccgcacaag cggtggagca tgtggtttaa
     ttcgaagcaa cgcgaagaac cttaccaaat cttgacatcc tctgacaact ctggagacag
     agcgttcccc ttcgggggac agagtgacag gtggtgcatg gttgtcgtca gctcgtgtcg
     tgagatgttg ggttaagtcc cgcaacgagc gcaaccctta tctttagttg ccatcattca
     gttgggcact ctagagagac tgccggtgac aaaccggagg aaggtgggga tgacgtcaaa
     tcatcatgcc ccttatgatt tgggctacac acgtgctaca atggatggta caaagggcag
     caaaaccgcg aggtcaagca aatcccataa aaccattctc agttcggatt gtagtctgca
     actcgactac atgaagctgg aatcgctagt aatcgtagat cagcatgcta cggtgaatac
     gttcccgggt cttgtacaca ccgcccgtca caccacgaga gtttgtaaca cccgaagccg
     gtggagtaac ctttacagga gctagccgtc gaaggtggga cagatgattg gggtgaagtc
     gtaacaaggt agccgtatcg gaaggtgcgg ctggatcacc tccttt
//
