ID   AF375552; preliminary; RNA; UNA; 310 BP.
XX
AC   AF375552
XX
DT   31-MAY-2001 (Rel. 1, Last updated, Version 1)
DT   31-MAY-2001 (Rel. 1, Created)
XX
DE   Lactococcus lactis subsp. lactis strain NCDO2118 tmRNA gene, partial
DE   sequence.
XX
KW   No information.
XX
OS   Lactococcus lactis subsp. lactis.
OC   No information.
XX
RN   [1]
RP   1-310
RA   Schoenhuber W., Le Bourhis G., Tremblay J., Amann R., Kulakauskas S.;
RT   "Utilization of tmRNA sequences for bacterial identification";
RL   BMC Microbiol. 1(1):20-20(2001).
XX
RN   [2]
RP   1-310
RA   Schoenhuber W., Le Bourhis G., Tremblay J., Amann R.I.,
RA   Kulakauskas S.;
RT   ;
RL   Submitted (02-MAY-2001) to the EMBL/GenBank/DDBJ databases.
RL   Microbiology, Institut National de la Recherche Agronomique, Domaine
RL   de Vilvert, Jouy-en-Josas 78352, France.
XX
DR   RDP; AF375552;.
XX
CC   Organism information
CC     Culture collection: NCDO 2118 tmRNA gene
CC   Sequence information (bases 1 to 310)
CC     Corresponding GenBank entry: AF375552;
CC   Please note: all these entries have been modified for test purposes.
CC   *source: strain=NCDO2118 tmRNA gene, partial sequence;
CC   *source: subspecies=lactis;
XX
SQ   Sequence 310 BP; 91 A; 59 C; 74 G; 86 T; 0 other;
     cattgtcgcg catgaactgc aactgctgag ggatcaggat aatcatccgc agataaatat
     aactgctaaa aataatacac aaacttacgc aatggcagcc taaacagcac catgcgtgcc
     tgatttttgc tcactgatgg caatttgacg gcctaaactt ttagtcagat acgttgttgt
     ggaggcttga cgcagcaaaa gagatttaaa gccccgcaaa atgtcgctgt ttgagactgg
     ctttggcatt ttgttaaatt tgagaaagtc ctatggttgt agacgttgat gtagcaaggt
     gtttggacag
//
ID   HSFAU     preliminary; RNA; UNA; 518 BP.
XX
AC   X65923
XX
DT   25-OCT-2010 (Rel. 1, Last updated, Version 1)
DT   25-OCT-2010 (Rel. 1, Created)
XX
DE   H.sapiens fau mRNA.
XX
KW   .
XX
DR   RDP; HSFAU.
XX
SQ   Sequence 518 BP; 125 A; 139 C; 148 G; 106 T; 0 other;
     ttcctctttc tcgactccat cttcgcggta gctgggaccg ccgttcagtc gccaatatgc
     agctctttgt ccgcgcccag gagctacaca ccttcgaggt gaccggccag gaaacggtcg
     cccagatcaa ggctcatgta gcctcactgg agggcattgc cccggaagat caagtcgtgc
     tcctggcagg cgcgcccctg gaggatgagg ccactctggg ccagtgcggg gtggaggccc
     tgactaccct ggaagtagca ggccgcatgc ttggaggtaa agttcatggt tccctggccc
     gtgctggaaa agtgagaggt cagactccta aggtggccaa acaggagaag aagaagaaga
     agacaggtcg ggctaagcgg cggatgcagt acaaccggcg ctttgtcaac gttgtgccca
     cctttggcaa gaagaagggc cccaatgcca actcttaagt cttttgtaat tctggctttc
     tctaataaaa aagccactta gttcagtcaa aaaaaaaa
//
ID   HSFAU1    preliminary; RNA; UNA; 2016 BP.
XX
AC   X65921
XX
DT   25-OCT-2010 (Rel. 1, Last updated, Version 1)
DT   25-OCT-2010 (Rel. 1, Created)
XX
DE   H.sapiens fau 1 gene This is just a long text which overflows the
DE   maximum line size allowed for EMBL files
DE   This_is_just_another_long_text_which_overflows_the_maximum_line_size_a
DE   llowed_for_EMBL_files
DE   ThisWordContainsExactlySixtyEightCharactersWhichIsTheLimitForconvert
DE   ThisWordContainsExactlySixtyNineCharactersSoOneCharacterWillBeWrapped
DE   ThisConverterLiesEverywhere!
DE   ThisWordContainsExactlySeventyFourCharactersWhichIsRealTheLimitForEmbl
DE   line.
XX
KW   .
XX
DR   RDP; This; HSFAU1.
XX
CC   Organism information
CC     Source of strain: This is the content of the special entry 'Source
CC           of strain'
CC     Former name: This is the content of the special entry 'Former name'
CC     Alternate name: This is the content of the special entry 'Alternate
CC           name'. It is quite long, since i need to test some special
CC           entry which occupies many lines and when i say many lines, i
CC           really mean at least five lines, so i could not stop writing
CC           before i came here.
CC     Common name: This is the content of the special entry 'Common name'
CC     Host organism: This is the content of the special entry 'Host
CC           organism'
CC   Sequence information (bases 1 to 2016)
CC     RDP ID: This is the content of the special entry 'RDP ID'
CC     Corresponding GenBank entry: X65921;
CC     Sequencing methods: This is the content of the special entry
CC           'Sequencing methods'
CC     5' end complete: Yes
CC     3' end complete: No
CC   Organism and Sequence information have only been added for
CC   test purposes. They are complete nonsense!
XX
SQ   Sequence 2016 BP; 421 A; 562 C; 538 G; 495 T; 0 other;
     ctaccatttt ccctctcgat tctatatgta cactcgggac aagttctcct gatcgaaaac
     ggcaaaacta aggccccaag taggaatgcc ttagttttcg gggttaacaa tgattaacac
     tgagcctcac acccacgcga tgccctcagc tcctcgctca gcgctctcac caacagccgt
     agcccgcagc cccgctggac accggttctc catccccgca gcgtagcccg gaacatggta
     gctgccatct ttacctgcta cgccagcctt ctgtgcgcgc aactgtctgg tcccgccccg
     tcctgcgcga gctgctgccc aggcaggttc gccggtgcga gcgtaaaggg gcggagctag
     gactgccttg ggcggtacaa atagcaggga accgcgcggt cgctcagcag tgacgtgaca
     cgcagcccac ggtctgtact gacgcgccct cgcttcttcc tctttctcga ctccatcttc
     gcggtagctg ggaccgccgt tcaggtaaga atggggcctt ggctggatcc gaagggcttg
     tagcaggttg gctgcggggt cagaaggcgc ggggggaacc gaagaacggg gcctgctccg
     tggccctgct ccagtcccta tccgaactcc ttgggaggca ctggccttcc gcacgtgagc
     cgccgcgacc accatcccgt cgcgatcgtt tctggaccgc tttccactcc caaatctcct
     ttatcccaga gcatttcttg gcttctctta caagccgtct tttctttact cagtcgccaa
     tatgcagctc tttgtccgcg cccaggagct acacaccttc gaggtgaccg gccaggaaac
     ggtcgcccag atcaaggtaa ggctgcttgg tgcgccctgg gttccatttt cttgtgctct
     tcactctcgc ggcccgaggg aacgcttacg agccttatct ttccctgtag gctcatgtag
     cctcactgga gggcattgcc ccggaagatc aagtcgtgct cctggcaggc gcgcccctgg
     aggatgaggc cactctgggc cagtgcgggg tggaggccct gactaccctg gaagtagcag
     gccgcatgct tggaggtgag tgagagagga atgttctttg aagtaccggt aagcgtctag
     tgagtgtggg gtgcatagtc ctgacagctg agtgtcacac ctatggtaat agagtacttc
     tcactgtctt cagttcagag tgattcttcc tgtttacatc cctcatgttg aacacagacg
     tccatgggag actgagccag agtgtagttg tatttcagtc acatcacgag atcctagtct
     ggttatcagc ttccacacta aaaattaggt cagaccaggc cccaaagtgc tctataaatt
     agaagctgga agatcctgaa atgaaactta agatttcaag gtcaaatatc tgcaactttg
     ttctcattac ctattgggcg cagcttctct ttaaaggctt gaattgagaa aagaggggtt
     ctgctgggtg gcaccttctt gctcttacct gctggtgcct tcctttccca ctacaggtaa
     agtccatggt tccctggccc gtgctggaaa agtgagaggt cagactccta aggtgagtga
     gagtattagt ggtcatggtg ttaggacttt ttttcctttc acagctaaac caagtccctg
     ggctcttact cggtttgcct tctccctccc tggagatgag cctgagggaa gggatgctag
     gtgtggaaga caggaaccag ggcctgatta accttccctt ctccaggtgg ccaaacagga
     gaagaagaag aagaagacag gtcgggctaa gcggcggatg cagtacaacc ggcgctttgt
     caacgttgtg cccacctttg gcaagaagaa gggccccaat gccaactctt aagtcttttg
     taattctggc tttctctaat aaaaaagcca cttagttcag tcatcgcatt gtttcatctt
     tacttgcaag gcctcaggga gaggtgtgct tctcgg
//
