(
 (
  (
   (
    (
     (
      (
       MucRace3:0.002,
       MucRacem:0.000
      ):0.004,
      MucRace2:0.009
     ):0.057,
     AbdGlauc:0.052
    ):0.026,
    (
     CddAlbic:0.098,
     SacCere5:0.087
    ):0.002
   ):0.000,
   MucRaceP:0.000
  ):0.341,
  (
   (
    CytLyti6:0.190,
    TaxOcell:0.170
   ):0.025,
   BctFra12:0.185
  ):0.211
 ):0.177,
 (
  (
   StrCoel9:0.000,
   (
    StrCoelP:0.000,
    StrCoelM:0.003
   ):0.000
  ):0.082,
  StrRamo3:0.069
 ):0.177);