(
 (
  StrRamo3:0.437,
  CytLyti6:0.425
 ):0.855,
 (
  (
   MucRacem:0.070,
   (
    TaxOcell:1.433,
    AbdGlauc:0.072
   ):0.032
  ):0.044,
  (
   (
    (
     CddAlbic:0.172,
     (
      MucRace2:0.055,
      (
       StrCoel9:0.426,
       BctFra12:0.414
      ):2.074
     ):0.018
    ):0.018,
    MucRace3:0.050
   ):0.009,
   SacCere5:0.175
  ):0.026
 ):0.855);