(
 (
  (
   (
    (
     (
      (
       MucRace3:0.002,
       MucRacem:0.000
      ):0.004,
      MucRace2:0.009
     ):0.065,
     AbdGlauc:0.048
    ):0.138,
    CddAlbic:0.099
   ):0.002,
   SacCere5:0.088
  ):1.803,
  (
   StrCoel9:0.081,
   StrRamo3:0.067
  ):0.350
 ):0.100,
 (
  (
   BctFra12:0.193,
   TaxOcell:0.180
  ):0.024,
  CytLyti6:0.197
 ):0.100);