{c} . 0=n0@4
{c} . 1=n1@9
{c} . 2=n2@8
{c} . 3=n3@14
{c} . 4=i0@2
{c} . 5=i1@49
{c} . 6=n4@8
{c} . 7=n5@13
{c} . 8=n6@12
{c} . 9=n7@18
{c} . 10=i2@47
{c} A. 2=n2@7
{c} A. 5=i1@48
{c} A. 7=n5@12
{c} A. 9=n7@17
{c} A. 10=i2@46
{l} AAGCA 10=i2@26>26
{l} AAGCC 5=i1@28>28
{l} ACUGCA 10=i2@6>6
{l} ACUGCG 10=i2@30>30
{l} ACUGCU 5=i1@8>8
{l} AGAG 5=i1@1>1
{l} AGCA 10=i2@27>27
{l} AGCC 5=i1@29>29
{l} AGGUUACUGCA 10=i2@1>1
{l} AGGUUACUGCU 5=i1@3>3
{c} AGUCAUAUGUA. 5=i1@38
{c} AGUCAUAUGUA. 10=i2@36
{c} AU. 4=i0@0
{c} AUAUGUA. 5=i1@42
{c} AUAUGUA. 10=i2@40
{c} AUC. 8=n6@9
{c} AUCCUGC. 1=n1@2
{c} AUCCUGC. 3=n3@7
{c} AUCCUGCCA. 7=n5@4
{c} AUCCUGCCA. 9=n7@9
{l} AUCG 5=i1@14>14
{l} AUGC 5=i1@33>33
{c} AUGUA. 5=i1@44
{c} AUGUA. 10=i2@42
{l} AUUC 10=i2@11>11
{l} AUUU 6=n4@0>0
{c} C. 1=n1@8
{c} C. 3=n3@13
{c} C. 8=n6@11
{c} CA. 7=n5@11
{c} CA. 9=n7@16
{l} CACU 10=i2@29>29
{l} CAGA 5=i1@0>0
{c} CAUAUGUA. 5=i1@41
{c} CAUAUGUA. 10=i2@39
{l} CAUG 5=i1@32>32
{l} CAUU 10=i2@10>10
{c} CCA. 7=n5@10
{c} CCA. 9=n7@15
{l} CCAU 5=i1@31>31
{l} CCUAAGCA 10=i2@23>23
{l} CCUAAGCC 5=i1@25>25
{c} CCUGC. 1=n1@4
{c} CCUGC. 3=n3@9
{c} CCUGCCA. 7=n5@6
{c} CCUGCCA. 9=n7@11
{c} CGAGUCAUAUGUA. 5=i1@36
{c} CGAGUCAUAUGUA. 10=i2@34
{l} CGCCUAAGCA 10=i2@21>21
{l} CGCCUAAGCC 5=i1@23>23
{c} CGGU. 6=n4@4
{l} CGGUGUUCGCCUAAGCA 10=i2@14>14
{l} CGGUGUUCGCCUAAGCC 5=i1@16>16
{c} CGGUUGAUC. 8=n6@3
{l} CGGUUGAUCC 9=n7@3>3
{l} CUAAGCA 10=i2@24>24
{l} CUAAGCC 5=i1@26>26
{l} CUAU 5=i1@12>12
{c} CUG. 0=n0@1
{c} CUGC. 1=n1@5
{c} CUGC. 3=n3@10
{l} CUGCA 10=i2@7>7
{c} CUGCCA. 7=n5@7
{c} CUGCCA. 9=n7@12
{l} CUGCG 10=i2@31>31
{l} CUGCU 5=i1@9>9
{c} CUGGUUGA. 2=n2@0
{l} CUGGUUGAU 3=n3@0>0
{c} G. 0=n0@3
{c} GA. 2=n2@6
{l} GAGGUUACUGCA 10=i2@0>0
{l} GAGGUUACUGCU 5=i1@2>2
{c} GAGUCAUAUGUA. 5=i1@37
{c} GAGUCAUAUGUA. 10=i2@35
{c} GAUC. 8=n6@8
{c} GAUCCUGC. 1=n1@1
{c} GAUCCUGC. 3=n3@6
{c} GAUCCUGCCA. 7=n5@3
{c} GAUCCUGCCA. 9=n7@8
{c} GC. 1=n1@7
{c} GC. 3=n3@12
{l} GCAC 10=i2@28>28
{l} GCAU 10=i2@9>9
{c} GCCA. 7=n5@9
{c} GCCA. 9=n7@14
{l} GCCAU 5=i1@30>30
{l} GCCUAAGCA 10=i2@22>22
{l} GCCUAAGCC 5=i1@24>24
{c} GCGAGUCAUAUGUA. 5=i1@35
{c} GCGAGUCAUAUGUA. 10=i2@33
{l} GCUA 5=i1@11>11
{c} GGU. 6=n4@5
{l} GGUGUUCGCCUAAGCA 10=i2@15>15
{l} GGUGUUCGCCUAAGCC 5=i1@17>17
{l} GGUUACUGCA 10=i2@2>2
{l} GGUUACUGCU 5=i1@4>4
{c} GGUUGA. 2=n2@2
{c} GGUUGAUC. 8=n6@4
{c} GGUUGAUCCUGC. 3=n3@2
{l} GGUUGAUCCUGCC 9=n7@4>4
{c} GU. 6=n4@6
{c} GUA. 5=i1@46
{c} GUA. 10=i2@44
{c} GUCAUAUGUA. 5=i1@39
{c} GUCAUAUGUA. 10=i2@37
{l} GUGUUCGCCUAAGCA 10=i2@16>16
{l} GUGUUCGCCUAAGCC 5=i1@18>18
{l} GUUACUGCA 10=i2@3>3
{l} GUUACUGCU 5=i1@5>5
{l} GUUCGCCUAAGCA 10=i2@18>18
{l} GUUCGCCUAAGCC 5=i1@20>20
{c} GUUGA. 2=n2@3
{c} GUUGAUC. 8=n6@5
{c} GUUGAUCCUGC. 3=n3@3
{c} GUUGAUCCUGCCA. 7=n5@0
{c} GUUGAUCCUGCCA. 9=n7@5
{c} U. 4=i0@1
{c} U. 6=n4@7
{c} UA. 5=i1@47
{c} UA. 10=i2@45
{l} UAAGCA 10=i2@25>25
{l} UAAGCC 5=i1@27>27
{l} UACUGCA 10=i2@5>5
{l} UACUGCU 5=i1@7>7
{l} UAUC 5=i1@13>13
{c} UAUGUA. 5=i1@43
{c} UAUGUA. 10=i2@41
{c} UC. 8=n6@10
{c} UCAUAUGUA. 5=i1@40
{c} UCAUAUGUA. 10=i2@38
{c} UCCUGC. 1=n1@3
{c} UCCUGC. 3=n3@8
{c} UCCUGCCA. 7=n5@5
{c} UCCUGCCA. 9=n7@10
{l} UCGCCUAAGCA 10=i2@20>20
{l} UCGCCUAAGCC 5=i1@22>22
{c} UCGGU. 6=n4@3
{l} UCGGUGUUCGCCUAAGCA 10=i2@13>13
{l} UCGGUGUUCGCCUAAGCC 5=i1@15>15
{c} UCGGUUGAUC. 8=n6@2
{l} UCGGUUGAUCC 9=n7@2>2
{l} UCUG 0=n0@0>0
{c} UG. 0=n0@2
{c} UGA. 2=n2@5
{c} UGAUC. 8=n6@7
{c} UGAUCCUGC. 1=n1@0
{c} UGAUCCUGC. 3=n3@5
{c} UGAUCCUGCCA. 7=n5@2
{c} UGAUCCUGCCA. 9=n7@7
{c} UGC. 1=n1@6
{c} UGC. 3=n3@11
{l} UGCA 10=i2@8>8
{c} UGCCA. 7=n5@8
{c} UGCCA. 9=n7@13
{c} UGCGAGUCAUAUGUA. 5=i1@34
{c} UGCGAGUCAUAUGUA. 10=i2@32
{l} UGCU 5=i1@10>10
{c} UGGUUGA. 2=n2@1
{l} UGGUUGAU 3=n3@1>1
{c} UGUA. 5=i1@45
{c} UGUA. 10=i2@43
{l} UGUUCGCCUAAGCA 10=i2@17>17
{l} UGUUCGCCUAAGCC 5=i1@19>19
{l} UUACUGCA 10=i2@4>4
{l} UUACUGCU 5=i1@6>6
{l} UUCGCCUAAGCA 10=i2@19>19
{l} UUCGCCUAAGCC 5=i1@21>21
{c} UUCGGU. 6=n4@2
{l} UUCGGUG 10=i2@12>12
{c} UUCGGUUGAUC. 8=n6@1
{l} UUCGGUUGAUCC 9=n7@1>1
{c} UUGA. 2=n2@4
{c} UUGAUC. 8=n6@6
{c} UUGAUCCUGC. 3=n3@4
{c} UUGAUCCUGCCA. 7=n5@1
{c} UUGAUCCUGCCA. 9=n7@6
{c} UUUCGGU. 6=n4@1
{c} UUUCGGUUGAUC. 8=n6@0
{l} UUUCGGUUGAUCC 9=n7@0>0
