(
 (
  (
   (
    (
     (
      (
       MucRace3:0.002,
       MucRacem:0.000
      ):0.004,
      MucRace2:0.009
     ):0.056,
     AbdGlauc:0.051
    ):0.026,
    (
     CddAlbic:0.096,
     SacCere5:0.085
    ):0.002
   ):0.000,
   (
    MucRaceP:0.000,
    (
     StrCoelP:0.000,
     StrCoelM:0.000
    ):0.000
   ):0.000
  ):0.333,
  (
   (
    CytLyti6:0.176,
    TaxOcell:0.157
   ):0.023,
   BctFra12:0.172
  ):0.194
 ):0.144,
 (
  StrCoel9:0.075,
  StrRamo3:0.064
 ):0.144);