(
 (
  (
   (
    (
     (
      (
       MucRace3:0.002,
       MucRacem:0.000
      ):0.004,
      MucRace2:0.009
     ):0.057,
     AbdGlauc:0.052
    ):0.026,
    (
     CddAlbic:0.063,
     SacCere5:0.076
    ):0.007
   ):0.066,
   (
    MucRaceP:0.000,
    (
     StrCoelP:0.040,
     StrCoelM:0.040
    ):0.000
   ):0.013
  ):1.099,
  (
   (
    CytLyti6:0.159,
    TaxOcell:0.157
   ):0.058,
   BctFra12:0.165
  ):0.222
 ):0.149,
 (
  StrCoel9:0.082,
  StrRamo3:0.067
 ):0.149);