(
 (
  (
   (
    (
     (
      (
       AbdGlauc:0.865,
       BctFra12:1.351
      ):1.524,
      (
       CddAlbic:0.177,
       MucRace3:0.124
      ):0.036
     ):0.009,
     CytLyti6:1.350
    ):1.589,
    MucRacem:0.878
   ):0.019,
   (
    SacCere5:0.936,
    StrRamo3:1.273
   ):1.498
  ):1.537,
  TaxOcell:1.223
 ):0.751,
 (
  MucRace2:0.944,
  StrCoel9:1.262
 ):0.751);