(
 (
  (
   (
    (
     (
      (
       MucRace3:0.002,
       MucRacem:0.000
      ):0.004,
      MucRace2:0.009
     ):0.064,
     AbdGlauc:0.047
    ):0.137,
    CddAlbic:0.096
   ):0.002,
   SacCere5:0.085
  ):1.695,
  (
   (
    CytLyti6:0.174,
    TaxOcell:0.157
   ):0.023,
   BctFra12:0.169
  ):0.199
 ):0.152,
 (
  StrCoel9:0.075,
  StrRamo3:0.064
 ):0.152);