(
 (
  (
   (
    (
     (
      (
       AbdGlauc:0.840,
       BctFra12:1.322
      ):1.486,
      (
       CddAlbic:0.177,
       MucRace3:0.124
      ):0.036
     ):0.009,
     CytLyti6:1.322
    ):1.552,
    MucRacem:0.853
   ):0.019,
   (
    SacCere5:0.943,
    StrRamo3:1.273
   ):1.498
  ):1.547,
  TaxOcell:1.223
 ):0.757,
 (
  MucRace2:0.919,
  StrCoel9:1.262
 ):0.757);