(
 (
  (
   (
    (
     (
      (
       MucRace3:0.002,
       MucRacem:0.000
      ):0.004,
      MucRace2:0.009
     ):0.056,
     AbdGlauc:0.051
    ):0.026,
    (
     CddAlbic:0.122,
     SacCere5:0.104
    ):0.053
   ):0.064,
   (
    MucRaceP:0.000,
    (
     StrCoelP:0.039,
     StrCoelM:0.039
    ):0.000
   ):0.013
  ):0.854,
  (
   (
    CytLyti6:0.176,
    TaxOcell:0.157
   ):0.038,
   BctFra12:0.165
  ):0.197
 ):0.143,
 (
  StrCoel9:0.075,
  StrRamo3:0.064
 ):0.143);