(
 (
  (
   (
    (
     (
      (
       AbdGlauc:0.858,
       BctFra12:1.426
      ):1.780,
      (
       CddAlbic:0.181,
       MucRace3:0.127
      ):0.037
     ):0.009,
     CytLyti6:1.425
    ):1.830,
    MucRacem:0.871
   ):0.020,
   (
    SacCere5:0.972,
    StrRamo3:1.378
   ):1.819
  ):1.588,
  TaxOcell:1.319
 ):0.916,
 (
  MucRace2:0.939,
  StrCoel9:1.365
 ):0.916);