!forget_called_cbs
!mark_all_called
!run_all_cbs_alph
!run_all_cbs_alph_inf
!run_all_cbs_loc
!run_all_cbs_loc_inf
!run_all_cbs_nalph
!run_all_cbs_nalph_inf
!run_all_cbs_nloc
!run_all_cbs_nloc_inf
!run_all_cbs_rnd
!run_all_cbs_rnd_inf
!toggle_expert
!toggle_focus
-db_browser
1basic_fieldsmask
1experiment_examplemask
1expertmask
1gene_testmask
1main_fieldsmask
1testmask
1userInfomask
ARB_NT/?
ARB_NT/EDIT_SEQUENCES
ARB_NT/FOLDED_LIST_TREE_TYPE
ARB_NT/INFO
ARB_NT/JUMP
ARB_NT/LIST_TREE_TYPE
ARB_NT/NO_TREE_TYPE
ARB_NT/OPEN_GENE_MAP
ARB_NT/QUICK_SAVE_AS
ARB_NT/QUIT
ARB_NT/RADIAL_TREE_TYPE
ARB_NT/REDO
ARB_NT/SAVE
ARB_NT/SAVE_AS
ARB_NT/SEARCH
ARB_NT/SELECT_AN_ALIGNMENT
ARB_NT/SELECT_A_TREE
ARB_NT/UNDO
ARB_NT/beautifyb_tree
ARB_NT/beautifyc_tree
ARB_NT/beautifyt_tree
ARB_NT/branch_analysis
ARB_NT/justify_branch_lengths
ARB_NT/mark_duplicates
ARB_NT/props_tree2
ARB_NT/reset_logical_zoom
ARB_NT/reset_physical_zoom
ARB_NT/selection_admin2
ARB_NT/tree_boot2len
ARB_NT/tree_group_all
ARB_NT/tree_group_not_color_0
ARB_NT/tree_group_not_color_1
ARB_NT/tree_group_not_color_10
ARB_NT/tree_group_not_color_11
ARB_NT/tree_group_not_color_12
ARB_NT/tree_group_not_color_2
ARB_NT/tree_group_not_color_3
ARB_NT/tree_group_not_color_4
ARB_NT/tree_group_not_color_5
ARB_NT/tree_group_not_color_6
ARB_NT/tree_group_not_color_7
ARB_NT/tree_group_not_color_8
ARB_NT/tree_group_not_color_9
ARB_NT/tree_group_not_marked
ARB_NT/tree_group_term_groups
ARB_NT/tree_keep_marked
ARB_NT/tree_len2boot
ARB_NT/tree_pseudo_species_to_organism
ARB_NT/tree_remove_deleted
ARB_NT/tree_remove_marked
ARB_NT/tree_remove_remark
ARB_NT/tree_reset_lengths
ARB_NT/tree_scale_lengths
ARB_NT/tree_select
ARB_NT/tree_select_latest
ARB_NT/tree_ungroup_all
ARB_NT/view_probe_group_result
Assemble Contigs
AxML + FastdnaML
AxML + FastdnaML (max 500 Species) ...
ClustalW DNA Alignment (fast)
ClustalW DNA Alignment (slow & accurate)
ClustalW Profile Alignment
ClustalW Protein Alignment (fast)
ClustalW Protein Alignment (slow & accurate)
ClustalW automatic
Create ClustalW Profile 2
DeSoete Tree fit
Export sequences to foreign format (Readseq) ...
FastTree2 (nucleotide)
Import fields from calc-sheet
Import sequences using Readseq (slow) ...
Mafft
MrBayes
MrBayes (custom)
Muscle
PHYML (Amino acids)
PHYML (DNA)
PHYML-20130708 (Amino acids)
PHYML-20130708 (DNA)
Phylip DNAPARS
Phylip Distance Matrix
Phylip Distance Methods (Original Phylip, Interactive)
Phylip Distance Methods (Simple GUI Based Interface)
Phylip PROML
Phylip PROTPARS
Positional Variability by Olsons dnamlrates (max 5000 Species, 8000 seqlength)
Pretty print sequences (slow) ...
ProbCons
RAxML (DNA)
RAxML (Protein)
Start a slave ARB on a foreign host ...
TREEPUZZLE ...
all_tree_remove_deleted
all_tree_remove_marked
arb_dist
arb_pars
arb_pars_quick
arb_phyl
bug_report
chimera_check
complete_mark_all
complete_mark_nontree
complete_mark_tree
complete_swap_marked
complete_swap_marked_nontree
complete_swap_marked_tree
complete_unmark_all
complete_unmark_nontree
complete_unmark_tree
consense_tree
corr_mutat_analysis
count_different_chars
count_marked
db_admin
debug_arbdb
debug_awars
del_marked
del_names
dna_2_pro
enable_advices
enable_questions
experiment_colors
experiment_info
experiment_search
export_nds
export_pos_var
export_seqs
export_to_ARB
fix_db
gene_colors
gene_count_marked_of_all
gene_count_marked_of_all_but_current
gene_count_marked_of_current
gene_count_marked_of_marked
gene_extract_marked_of_all
gene_extract_marked_of_current
gene_extract_marked_of_marked
gene_info
gene_invert_marked_of_all
gene_invert_marked_of_all_but_current
gene_invert_marked_of_current
gene_invert_marked_of_marked
gene_map
gene_mark_all_of_all
gene_mark_all_of_all_but_current
gene_mark_all_of_current
gene_mark_all_of_marked
gene_search
gene_unmark_all_of_all
gene_unmark_all_of_all_but_current
gene_unmark_all_of_current
gene_unmark_all_of_marked
imp_names
import_seq
ins_del_col
ins_del_sai
invmark_gene_species
invmark_organisms
join_marked
macros
mailing_list
mark_all
mark_by_ref
mark_gene_species
mark_gene_species_curr_ali
mark_gene_species_of_marked_genes
mark_gene_species_unmark_rest
mark_genes_of_marked_gene_species
mark_nontree
mark_organisms
mark_organisms_unmark_rest
mark_organisms_with_marked_genes
mark_tree
merge_from
merge_species
names_admin
nds
new2_arb_edit4
new_Experiment_mask
new_Gene_mask
new_Species_mask
new_arb
new_arb_edit4
new_names
new_window
old_arb_edit4
optimize_db
organism_colors
organism_info
partial_mark_all
partial_mark_nontree
partial_mark_tree
partial_swap_marked
partial_swap_marked_nontree
partial_swap_marked_tree
partial_unmark_all
partial_unmark_nontree
partial_unmark_tree
pos_var_dist
pos_var_pars
primer_design
primer_design_new
print_tree
probe_design
probe_match
probe_multi
props_menu
props_tree
props_www
pt_server_admin
quit
realign_dna
restart_arb
sai_admin
sai_consensus
sai_max_freq
sai_pfold
save_all_as
save_changes
save_props
search_names
selection_admin
seq_admin
seq_concat
seq_quality
sort_by_field
sort_by_tree
spec_convert_field
spec_create_field
spec_del_unused_fields
spec_delete_field
spec_refresh_fields
spec_reorder_fields
spec_scan_unknown_fields
spec_unhide_fields
species_colors
species_info
species_search
species_submission
sug_names
swap_marked
swap_marked_nontree
swap_marked_tree
table_admin
test_compr
track_changes
transversion
tree_2_xfig
tree_admin
unmark_all
unmark_gene_species
unmark_nontree
unmark_organisms
unmark_tree
version_info
with data_mark_all
with data_mark_nontree
with data_mark_tree
with data_swap_marked
with data_swap_marked_nontree
with data_swap_marked_tree
with data_unmark_all
with data_unmark_nontree
with data_unmark_tree
xterm
