LOCUS       AF375552;     327 bp    RNA             RNA       31-MAY-2001
DEFINITION  Lactococcus lactis subsp. lactis strain NCDO2118 tmRNA gene,
            partial sequence.
ACCESSION   AF375552
KEYWORDS    No information.
SOURCE      Lactococcus lactis subsp. lactis.
  ORGANISM  Lactococcus lactis subsp. lactis.
REFERENCE   1  (bases 1 to 310)
  AUTHORS   Schoenhuber,W., Le Bourhis,G., Tremblay,J., Amann,R. and
            Kulakauskas,S.
  JOURNAL   BMC Microbiol. 1(1), 20-20 (2001)
  TITLE     Utilization of tmRNA sequences for bacterial identification
  STANDARD  No information
REFERENCE   2  (bases 1 to 310)
  AUTHORS   Schoenhuber,W., Le Bourhis,G., Tremblay,J., Amann,R.I. and
            Kulakauskas,S.
  JOURNAL   Submitted (02-MAY-2001) to the EMBL/GenBank/DDBJ databases.
            Microbiology, Institut National de la Recherche Agronomique,
            Domaine de Vilvert, Jouy-en-Josas 78352, France
  TITLE     No information
  STANDARD  No information
COMMENTS    Organism information
              Culture collection: NCDO 2118 tmRNA gene
            Sequence information (bases 1 to 310)
              Corresponding GenBank entry: AF375552;
            Please note: all these entries have been modified for test purposes.
            *source: strain=NCDO2118 tmRNA gene, partial sequence;
            *source: subspecies=lactis;
BASE COUNT      91 a     59 c     74 g     86 t
ORIGIN

AF375552;  Length: 310  October 25, 2010  12:13:24  Type: N  Check: 3578  ..

       1  cattgtcgcg catgaactgc aactgctgag ggatcaggat aatcatccgc 

      51  agataaatat aactgctaaa aataatacac aaacttacgc aatggcagcc 

     101  taaacagcac catgcgtgcc tgatttttgc tcactgatgg caatttgacg 

     151  gcctaaactt ttagtcagat acgttgttgt ggaggcttga cgcagcaaaa 

     201  gagatttaaa gccccgcaaa atgtcgctgt ttgagactgg ctttggcatt 

     251  ttgttaaatt tgagaaagtc ctatggttgt agacgttgat gtagcaaggt 

     301  gtttggacag  
