 MA32_HUMAN    1 MLPLLRCVPRVLGSSVAGLRAAAPASPFRQLLQPAPRLCTRPFGLLSVRAGSERRPGLLRPR


 MA32_HUMAN   63 GPCACGCGCGSLHTDGDKAFVDFLSDEIKEERKIQKHKTLPKMSGGWELELNGTEAKLVRKV


 MA32_HUMAN  125 AGEKITVTFNINNSIPPTFDGEEEPSQGQKVEEQEPELTSTPNFVVEVIKNDDGKKALVLDC


 MA32_HUMAN  187 HYPEDEVGQEDEAESDIFSIREVSFQSTGESEWKDTNYTLNTDSLDWALYDHLMDFLADRGV


 MA32_HUMAN  249 DNTFADELVELSTALEHQEYITFLEDLKSFVKSQ
