 AF375552;     1 cattgtcgcgcatgaactgcaactgctgagggatcaggataatcatccgcagataaatataa
 A1MVRNA2      1 gtttttatcttttcgcgattgaaaagataagtttttcagtttaatcttttcaatatgttcac
 ER781674_1    1 tggcgccgtagatgcagcgcgactggcccggcttctcggcgtcgaggtactgcgccacggcc
 AY704744_1    1 gcatcgatgaagaacgcagcgaaatgcgataagtaatgtgaattgcagaattcagtgaatca
 Y15714;       1 agagtttgatnngggctcaggatgaacgctggcggcgtgcctaatacatgcaagtcgagcgg


 AF375552;    63 ctgctaaaaataatacacaaacttacgcaatggcagcctaaacagcaccatgcgtgcctgat
 A1MVRNA2     63 tcttttgagatgtctcggattcggtgttaatgaacctactaacacttcctcatcagagtatg
 ER781674_1   63 ttggcgctggccacgtccgggcagaccacgatgctcttgcgtgagccggcgacgtggacgat
 AY704744_1   63 tcgaatctttgaacgcacattgcgcccattagtattctagtgggcatgcctgttcgagcgtc
 Y15714;      63 acagacgaggtgcttgcacctctgaagtcagcggcggacgggtgagtaacacgtgggtaacc


 AF375552;   125 ttttgctcactgatggcaatttgacggcctaaacttttagtcagatacgttgttgtggaggc
 A1MVRNA2    125 ttcccgagtattccgttgaagagatttccaacgaagtcgctgaactcgattcagtggatcca
 ER781674_1  125 gcccttggccagttcgatcatcgtctggtcgttggtgatccgggcggcgatctcggcgtcgg
 AY704744_1  125 atttcaacccttaagcttagcttagtattgggaatctgcttaaccgcagctccttaaatcta
 Y15714;     125 tacctgtaagactgggataacttcgggaaaccggagctaataccggataatattttccacct


 AF375552;   187 ttgacgcagcaaaagagatttaaagccccgcaaaatgtcgctgtttgagactggctttggca
 A1MVRNA2    187 ttattccaatgttacaaacatgtttttgtatcattgatgctcgtaagaaagatgactcaagc
 ER781674_1  187 aatagtccttctcgccggcctcgttctccgccacggtcagcgtggagaagtcgatggagacg
 AY704744_1  187 gttggcagagcacagctgtactctgagcgtagtaattcattatctcgctttctgaagacagt
 Y15714;     187 catggtggaatagtgaaagacggttttgctgtcacttacagatggacccgcggcgcattagc


 AF375552;   249 ttttgttaaatttgagaaagtcctatggttgtagacgttgatgtagcaaggtgtttggacag
 A1MVRNA2    249 tgccgaagacttcctcgagagttttgggggaga
 ER781674_1  249 cggacgaacgcctgcttggcggggcagagccataccgttggccatgcctcacaggatgtcgc
 AY704744_1  249 cgtacgatagccacaaactttgcatcttgcaaactttttaatggttgacctcggatcaggta
 Y15714;     249 tagttggtgaggtaacggctcaccaaggcgacgatgcgtagccgacctgagagggtgatcgg


 AF375552;
 A1MVRNA2
 ER781674_1  311 ggttgaaggcgaggccctggaacaggttggccatcgccac
 AY704744_1  311 ggaatacccgctgaacttaagcatatcaataagcggagga
 Y15714;     311 ccacactgggactgagacacggcccagactcctacgggaggcagcagtagggaatcttccgc


 AF375552;
 A1MVRNA2
 ER781674_1
 AY704744_1
 Y15714;     373 aatggacgaaagtctgacggagcaacgccgcgtgagtgaagaaggtcttcggatcgtaaaac


 AF375552;
 A1MVRNA2
 ER781674_1
 AY704744_1
 Y15714;     435 tctgttgtaagggaagaacaagtacgttagtaactgaacgtaccttgacggtaccttaccag


 AF375552;
 A1MVRNA2
 ER781674_1
 AY704744_1
 Y15714;     497 aaagccacggctaactacgtgccagcagccgcggtaatacgtaggtggcaagcgttatccgg


 AF375552;
 A1MVRNA2
 ER781674_1
 AY704744_1
 Y15714;     559 aattattgggcgtaaagcgcgcgtaggcggtttcttaagtctgatgtgaaagcccccggctc


 AF375552;
 A1MVRNA2
 ER781674_1
 AY704744_1
 Y15714;     621 aaccggggagggtcattggaaactgggagacttgagtgcagaagaggagagtggaattccat


 AF375552;
 A1MVRNA2
 ER781674_1
 AY704744_1
 Y15714;     683 gtgtagcggtgaaatgcgcagagatatggaggaacaccagtggcgaaggcggctctctggtc


 AF375552;
 A1MVRNA2
 ER781674_1
 AY704744_1
 Y15714;     745 tgtaactgacgctgaggtgcgaaagcgtggggatcaaacaggattagataccctggtagtcc


 AF375552;
 A1MVRNA2
 ER781674_1
 AY704744_1
 Y15714;     807 acgccgtaaacgatgagtgctaagtgttggggggtttccgcccctcagtgctgcagctaacg


 AF375552;
 A1MVRNA2
 ER781674_1
 AY704744_1
 Y15714;     869 cattaagcactccgcctggggagtacggtcgcaagactgaaactcaaaggaattgacgggga


 AF375552;
 A1MVRNA2
 ER781674_1
 AY704744_1
 Y15714;     931 cccgcacaagcggtggagcatgtggtttaattcgaagcaacgcgaagaaccttaccaaatct


 AF375552;
 A1MVRNA2
 ER781674_1
 AY704744_1
 Y15714;     993 tgacatcctctgacaactctggagacagagcgttccccttcgggggacagagtgacaggtgg


 AF375552;
 A1MVRNA2
 ER781674_1
 AY704744_1
 Y15714;    1055 tgcatggttgtcgtcagctcgtgtcgtgagatgttgggttaagtcccgcaacgagcgcaacc


 AF375552;
 A1MVRNA2
 ER781674_1
 AY704744_1
 Y15714;    1117 cttatctttagttgccatcattcagttgggcactctagagagactgccggtgacaaaccgga


 AF375552;
 A1MVRNA2
 ER781674_1
 AY704744_1
 Y15714;    1179 ggaaggtggggatgacgtcaaatcatcatgccccttatgatttgggctacacacgtgctaca


 AF375552;
 A1MVRNA2
 ER781674_1
 AY704744_1
 Y15714;    1241 atggatggtacaaagggcagcaaaaccgcgaggtcaagcaaatcccataaaaccattctcag


 AF375552;
 A1MVRNA2
 ER781674_1
 AY704744_1
 Y15714;    1303 ttcggattgtagtctgcaactcgactacatgaagctggaatcgctagtaatcgtagatcagc


 AF375552;
 A1MVRNA2
 ER781674_1
 AY704744_1
 Y15714;    1365 atgctacggtgaatacgttcccgggtcttgtacacaccgcccgtcacaccacgagagtttgt


 AF375552;
 A1MVRNA2
 ER781674_1
 AY704744_1
 Y15714;    1427 aacacccgaagccggtggagtaacctttacaggagctagccgtcgaaggtgggacagatgat


 AF375552;
 A1MVRNA2
 ER781674_1
 AY704744_1
 Y15714;    1489 tggggtgaagtcgtaacaaggtagccgtatcggaaggtgcggctggatcacctccttt
