ID   AF375552; SV 1; linear; genomic DNA; STD; PRO; 310 BP.
XX
AC   AF375552;
XX
DT   31-MAY-2001 (Rel. 67, Created)
DT   26-JUL-2002 (Rel. 72, Last updated, Version 2)
XX
DE   Lactococcus lactis subsp. lactis strain NCDO2118 tmRNA gene, partial
DE   sequence.
XX
KW   .
XX
OS   Lactococcus lactis subsp. lactis
OC   No information.
XX
RN   [1]
RP   1-310
RA   Schoenhuber W., Le Bourhis G., Tremblay J., Amann R., Kulakauskas S.;
RT   "Utilization of tmRNA sequences for bacterial identification";
RL   BMC Microbiol. 1(1):20-20(2001).
XX
RN   [2]
RP   1-310
RA   Schoenhuber W., Le Bourhis G., Tremblay J., Amann R.I.,
RA   Kulakauskas S.;
RT   ;
RL   Submitted (02-MAY-2001) to the EMBL/GenBank/DDBJ databases.
RL   Microbiology, Institut National de la Recherche Agronomique, Domaine
RL   de Vilvert, Jouy-en-Josas 78352, France.
XX
DR   RFAM; RF00023; tmRNA. StrainInfo; 213423; NCDO 2118.
XX
CC   Organism information
CC     Culture collection: NCDO 2118 tmRNA gene
CC   Sequence information (bases 1 to 310)
CC     Corresponding GenBank entry: AF375552;
CC   Please note: all these entries have been modified for test purposes.
CC   *source: strain=NCDO2118 tmRNA gene, partial sequence;
CC   *source: subspecies=lactis;
XX

AF375552;  Length: 310  October 25, 2010  12:26:33  Type: N  Check: 3578  ..

       1  cattgtcgcg catgaactgc aactgctgag ggatcaggat aatcatccgc 

      51  agataaatat aactgctaaa aataatacac aaacttacgc aatggcagcc 

     101  taaacagcac catgcgtgcc tgatttttgc tcactgatgg caatttgacg 

     151  gcctaaactt ttagtcagat acgttgttgt ggaggcttga cgcagcaaaa 

     201  gagatttaaa gccccgcaaa atgtcgctgt ttgagactgg ctttggcatt 

     251  ttgttaaatt tgagaaagtc ctatggttgt agacgttgat gtagcaaggt 

     301  gtttggacag  
