{l} AAGCA[A] i2@26>26
{l} AAGCC[A] i1@28>28
{l} ACUGCA[A] i2@6>6
{l} ACUGCG[A] i2@30>30
{l} ACUGCU[A] i1@8>8
{l} AGA[A] i1@1>1
{l} AGCA[A] i2@27>27
{l} AGCC[A] i1@29>29
{l} AGGUUACUGCA[A] i2@1>1
{l} AGGUUACUGCU[A] i1@3>3
{l} AGUCAUAUGUA[A] i1@38>38
{l} AUCCUGCCA[A] n5@4>4
{l} AUCG[A] i1@14>14
{l} AUG[A] i1@33>33
{l} AUU[A] i2@11>11
{l} CAC[C] i2@29>29
{l} CAG[C] i1@0>0
{l} CAUG[C] i1@32>32
{l} CAUU[C] i2@10>10
{l} CCA[C] i1@31>31
{l} CCUAAGCA[C] i2@23>23
{l} CCUAAGCC[C] i1@25>25
{l} CGAGUCAUAUGUA[C] i1@36>36
{l} CGCCUAAGCA[C] i2@21>21
{l} CGCCUAAGCC[C] i1@23>23
{l} CGGUGUUCGCCUAAGCA[C] i2@14>14
{l} CGGUGUUCGCCUAAGCC[C] i1@16>16
{c} CGGUUGAUC.[C] n6@3>3
{l} CGGUUGAUCC[C] n7@3>3
{l} CUAAGCA[C] i2@24>24
{l} CUAAGCC[C] i1@26>26
{l} CUAU[C] i1@12>12
{l} CUGCA[C] i2@7>7
{l} CUGCG[C] i2@31>31
{l} CUGCU[C] i1@9>9
{l} CUGG[C] n3@0>0
{l} GAGGUUACUGCA[G] i2@0>0
{l} GAGGUUACUGCU[G] i1@2>2
{l} GAGUCAUAUGUA[G] i1@37>37
{l} GAUCCUGCCA[G] n5@3>3
{l} GCAC[G] i2@28>28
{l} GCAU[G] i2@9>9
{l} GCCA[G] i1@30>30
{l} GCCUAAGCA[G] i2@22>22
{l} GCCUAAGCC[G] i1@24>24
{l} GCGAGUCAUAUGUA[G] i1@35>35
{l} GCU[G] i1@11>11
{l} GGUGUUCGCCUAAGCA[G] i2@15>15
{l} GGUGUUCGCCUAAGCC[G] i1@17>17
{l} GGUUACUGCA[G] i2@2>2
{l} GGUUACUGCU[G] i1@4>4
{c} GGUUGAUCCUGC.[G] n3@2>2
{l} GGUUGAUCCUGCC[G] n7@4>4
{l} GUCAUAUGUA[G] i1@39>39
{l} GUGUUCGCCUAAGCA[G] i2@16>16
{l} GUGUUCGCCUAAGCC[G] i1@18>18
{l} GUUACUGCA[G] i2@3>3
{l} GUUACUGCU[G] i1@5>5
{l} GUUCGCCUAAGCA[G] i2@18>18
{l} GUUCGCCUAAGCC[G] i1@20>20
{c} GUUGAUCCUGC.[G] n3@3>3
{l} GUUGAUCCUGCCA[G] n5@0>0
{l} UAAGCA[U] i2@25>25
{l} UAAGCC[U] i1@27>27
{l} UACUGCA[U] i2@5>5
{l} UACUGCU[U] i1@7>7
{l} UAU[U] i1@13>13
{l} UCAUAUGUA[U] i1@40>40
{l} UCGCCUAAGCA[U] i2@20>20
{l} UCGCCUAAGCC[U] i1@22>22
{l} UCGGUGUUCGCCUAAGCA[U] i2@13>13
{l} UCGGUGUUCGCCUAAGCC[U] i1@15>15
{c} UCGGUUGAUC.[U] n6@2>2
{l} UCGGUUGAUCC[U] n7@2>2
{c} UGAUCCUGC.[U] n1@0>0
{l} UGAUCCUGCCA[U] n5@2>2
{l} UGCA[U] i2@8>8
{l} UGCGAGUCAUAUGUA[U] i1@34>34
{l} UGCU[U] i1@10>10
{l} UGG[U] n3@1>1
{l} UGUUCGCCUAAGCA[U] i2@17>17
{l} UGUUCGCCUAAGCC[U] i1@19>19
{l} UUACUGCA[U] i2@4>4
{l} UUACUGCU[U] i1@6>6
{l} UUCGCCUAAGCA[U] i2@19>19
{l} UUCGCCUAAGCC[U] i1@21>21
{l} UUCGGUG[U] i2@12>12
{c} UUCGGUUGAUC.[U] n6@1>1
{l} UUCGGUUGAUCC[U] n7@1>1
{c} UUGAUCCUGC.[U] n3@4>4
{l} UUGAUCCUGCCA[U] n5@1>1
{c} UUUCGGUUGAUC.[U] n6@0>0
{l} UUUCGGUUGAUCC[U] n7@0>0
