(
 (
  (
   (
    (
     (
      AbdGlauc:0.057,
      TaxOcell:1.433
     ):0.025,
     MucRacem:0.028
    ):0.052,
    (
     MucRace2:0.009,
     MucRace3:0.004
    ):0.000
   ):0.039,
   (
    CddAlbic:0.096,
    SacCere5:0.094
   ):0.031
  ):1.692,
  CytLyti6:0.410
 ):0.041,
 (
  (
   BctFra12:0.569,
   StrCoel9:0.380
  ):0.574,
  StrRamo3:0.355
 ):0.041);