(
 (
  (
   (
    (
     (
      (
       MucRace3:0.002,
       MucRacem:0.000
      ):0.004,
      MucRace2:0.009
     ):0.066,
     AbdGlauc:0.048
    ):0.140,
    CddAlbic:0.098
   ):0.002,
   SacCere5:0.087
  ):1.736,
  (
   (
    CytLyti6:0.187,
    TaxOcell:0.170
   ):0.025,
   BctFra12:0.183
  ):0.216
 ):0.182,
 (
  StrCoel9:0.082,
  StrRamo3:0.069
 ):0.182);