(
 (
  (
   (
    (
     (
      (
       SacCere5:0.231,
       StrCoel9:1.439
      ):0.156,
      AbdGlauc:0.181
     ):0.076,
     (
      (
       CytLyti6:1.433,
       MucRacem:0.928
      ):1.975,
      StrRamo3:1.458
     ):0.012
    ):0.112,
    MucRace3:0.181
   ):0.103,
   CddAlbic:0.223
  ):2.098,
  BctFra12:1.414
 ):1.188,
 (
  MucRace2:1.112,
  TaxOcell:1.390
 ):1.188);