(
 (
  BctFra12:0.157,
  (
   CddAlbic:0.002,
   (
    MucRace3:0.063,
    (
     (
      (
       SacCere5:0.004,
       StrCoel9:0.054
      ):0.258,
      AbdGlauc:0.050
     ):0.172,
     (
      StrRamo3:0.059,
      (
       MucRacem:0.000,
       CytLyti6:0.152
      ):0.149
     ):0.004
    ):0.026
   ):0.057
  ):0.023
 ):0.674,
 (
  MucRace2:0.074,
  TaxOcell:0.022
 ):0.674);