(
 (
  (
   (
    (
     (
      (
       MucRace3:0.002,
       MucRacem:0.000
      ):0.004,
      MucRace2:0.009
     ):0.065,
     AbdGlauc:0.048
    ):0.138,
    CddAlbic:0.097
   ):0.002,
   SacCere5:0.086
  ):1.825,
  (
   (
    CytLyti6:0.180,
    TaxOcell:0.163
   ):0.024,
   BctFra12:0.176
  ):0.200
 ):0.172,
 (
  StrCoel9:0.078,
  StrRamo3:0.067
 ):0.172);