(
 (
  (
   (
    (
     (
      (
       BctFra12:0.414,
       StrCoel9:0.426
      ):1.910,
      MucRace2:0.055
     ):0.016,
     CddAlbic:0.172
    ):0.017,
    MucRace3:0.050
   ):0.009,
   SacCere5:0.175
  ):0.028,
  (
   (
    AbdGlauc:0.072,
    TaxOcell:1.433
   ):0.030,
   MucRacem:0.070
  ):0.047
 ):0.924,
 (
  CytLyti6:0.425,
  StrRamo3:0.437
 ):0.924);