(
 (
  MucRace2:1.112,
  TaxOcell:1.390
 ):1.188,
 (
  BctFra12:1.414,
  (
   CddAlbic:0.223,
   (
    MucRace3:0.181,
    (
     (
      StrRamo3:1.458,
      (
       MucRacem:0.928,
       CytLyti6:1.433
      ):1.975
     ):0.012,
     (
      (
       SacCere5:0.231,
       StrCoel9:1.439
      ):0.156,
      AbdGlauc:0.181
     ):0.076
    ):0.112
   ):0.103
  ):2.098
 ):1.188);