(
 (
  (
   (
    (
     (
      (
       MucRace3:0.002,
       MucRacem:0.000
      ):0.004,
      MucRace2:0.009
     ):0.056,
     AbdGlauc:0.052
    ):0.026,
    (
     CddAlbic:0.097,
     SacCere5:0.086
    ):0.002
   ):0.000,
   MucRaceP:0.000
  ):0.358,
  (
   (
    CytLyti6:0.183,
    TaxOcell:0.163
   ):0.024,
   BctFra12:0.178
  ):0.196
 ):0.163,
 (
  StrCoel9:0.078,
  StrRamo3:0.067
 ):0.163);