(
 (
  (
   (
    (
     (
      (
       AbdGlauc:0.056,
       TaxOcell:1.379
      ):0.049,
      MucRacem:0.002
     ):0.004,
     MucRace3:0.004
    ):0.000,
    MucRace2:0.009
   ):0.126,
   SacCere5:0.146
  ):0.084,
  (
   (
    BctFra12:0.388,
    StrCoel9:0.409
   ):0.053,
   CddAlbic:1.054
  ):1.994
 ):0.016,
 (
  CytLyti6:0.409,
  StrRamo3:0.415
 ):0.016);