                                             C    C    C    C      C    C  
                                             o    o    u    l      l    y  
                                             r    r    r    o      o    t  
                                             A    G    C    B      B    A  
                                             q    l    i    u      u    q  
                                             u    u    t    t      t    u  
                                             a    t    r    y      y    a  
                                             t    a    e    r      2    t  
                                             ,    ,    ,    ,      ,    ,  
                                                                           
                                             C    C    C    C      C    C  
                                             O    O    U    L      L    Y  
                                             R    R    R    O      O    T  
                                             Y    Y    T    S      S    O  
                                             N    N    O    T      T    P  
                                             E    E    B    R      R    H  
                                             B    B    A    I      I    A  
                                             A    A    C    D      D    G  
                                             C    C    T    I      I    A  
                                             T    T    E    U      U       
                                             E    E    R    M      M    A  
                                             R    R    I                Q  
                                             I    I    U    B      B    U  
                                             U    U    M    U      U    A  
                                             M    M         T      T    T  
                                                       C    Y      Y    I  
                                             A    G    I    R      R    L  
                                             Q    L    T    I      I    I  
                                             U    U    R    C      C    S  
                                             A    T    E    U      U    ,  
                                             T    A    U    M      M       
                                             I    M    M    ,      ,    6  
                                             C    I    ,              
                                             U    C         1      2  
                                             M    U    5    
                                             ,    M    
                                                  ,    
                                             4         
                                             3    

CorAquat, CORYNEBACTERIUM AQUATICUM, 4      -0 46.7  7.4 40.0   40.0 51.0 
CorGluta, CORYNEBACTERIUM GLUTAMICUM, 3   46.7   -0 48.1 30.2   30.2 32.6 
CurCitre, CURTOBACTERIUM CITREUM, 5        7.4 48.1   -0 34.9   34.9 46.7 
CloButyr, CLOSTRIDIUM BUTYRICUM, 1        40.0 30.2 34.9   -0   -0.0 24.7 

CloButy2, CLOSTRIDIUM BUTYRICUM, 2        40.0 30.2 34.9 -0.0     -0 24.7 
CytAquat, CYTOPHAGA AQUATILIS, 6          51.0 32.6 46.7 24.7   24.7   -0 

Minimum:	-0.000000
Maximum:	51.045558
Average:	27.345362
