       3      367
A1MVRNA2   gtttttatct tttcgcgatt gaaaagataa gtttttcagt ttaatctttt
ER781674_1 tggcgccgta gatgcagcgc gactggcccg gcttctcggc gtcgaggtac
AY704744_1 gcatcgatga agaacgcagc gaaatgcgat aagtaatgtg aattgcagaa

caatatgttc 60actctttt gagatgtctc ggattcggtg ttaatgaacc tactaacact
tgcgccacgg 60ccttggcg ctggccacgt ccgggcagac cacgatgctc ttgcgtgagc
ttcagtgaat 60catcgaat ctttgaacgc acattgcgcc cattagtatt ctagtgggca

tcctcatcag ag120tatgt tcccgagtat tccgttgaag agatttccaa cgaagtcgct
cggcgacgtg ga120cgatg cccttggcca gttcgatcat cgtctggtcg ttggtgatcc
tgcctgttcg ag120cgtca tttcaaccct taagcttagc ttagtattgg gaatctgctt

gaactcgatt cagtg180ga tccattattc caatgttaca aacatgtttt tgtatcattg
gggcggcgat ctcgg180cg tcggaatagt ccttctcgcc ggcctcgttc tccgccacgg
aaccgcagct cctta180aa tctagttggc agagcacagc tgtactctga gcgtagtaat

atgctcgtaa gaaagatg24 0actcaagct gccgaagact tcctcgagag ttttggggga
tcagcgtgga gaagtcga24 0tggagacgc ggacgaacgc ctgcttggcg gggcagagcc
tcattatctc gctttctg24 0aagacagtc gtacgatagc cacaaacttt gcatcttgca

ga281
ataccgttgg ccatgcctca c300aggatg tcgcggttga aggcgaggcc ctggaacagg
aactttttaa tggttgacct c300ggatca ggtaggaata cccgctgaac ttaagcatat


ttggccatcg ccac350
caataagcgg agga350
