(
 (
  StrRamo3:0.420,
  CytLyti6:0.409
 ):0.899,
 (
  (
   MucRacem:0.069,
   (
    TaxOcell:1.379,
    AbdGlauc:0.071
   ):0.029
  ):0.044,
  (
   (
    (
     CddAlbic:0.171,
     (
      MucRace2:0.054,
      (
       StrCoel9:0.409,
       BctFra12:0.398
      ):1.857
     ):0.016
    ):0.017,
    MucRace3:0.050
   ):0.009,
   SacCere5:0.172
  ):0.027
 ):0.899);