{c} .[0] n0@4>4
{c} .[0] n1@9>9
{c} .[0] n2@8>8
{c} .[0] n3@14>14
{c} .[0] i0@2>2
{c} .[0] i1@49>49
{c} .[0] n4@8>8
{c} .[0] n5@13>13
{c} .[0] n6@12>12
{c} .[0] n7@18>18
{c} .[0] i2@47>47
{c} A.[A] n2@7>7
{c} A.[A] i1@48>48
{c} A.[A] n5@12>12
{c} A.[A] n7@17>17
{c} A.[A] i2@46>46
{l} AAGCA[A] i2@26>26
{l} AAGCC[A] i1@28>28
{l} ACUGCA[A] i2@6>6
{l} ACUGCG[A] i2@30>30
{l} ACUGCU[A] i1@8>8
{l} AGA[A] i1@1>1
{l} AGCA[A] i2@27>27
{l} AGCC[A] i1@29>29
{l} AGGUUACUGCA[A] i2@1>1
{l} AGGUUACUGCU[A] i1@3>3
{c} AGUCAUAUGUA[A] i1@38>38
{c} AGUCAUAUGUA[A] i2@36>36
{c} AU.[A] i0@0>0
{c} AUAUGUA[A] i1@42>42
{c} AUAUGUA[A] i2@40>40
{c} AUC.[A] n6@9>9
{c} AUCCUGC[A] n1@2>2
{c} AUCCUGC[A] n3@7>7
{c} AUCCUGC[A] n5@4>4
{c} AUCCUGC[A] n7@9>9
{l} AUCG[A] i1@14>14
{l} AUGC[A] i1@33>33
{c} AUGUA[A] i1@44>44
{c} AUGUA[A] i2@42>42
{l} AUUC[A] i2@11>11
{l} AUUU[A] n4@0>0
{c} C.[C] n1@8>8
{c} C.[C] n3@13>13
{c} C.[C] n6@11>11
{c} CA.[C] n5@11>11
{c} CA.[C] n7@16>16
{l} CAC[C] i2@29>29
{l} CAG[C] i1@0>0
{c} CAUAUGUA[C] i1@41>41
{c} CAUAUGUA[C] i2@39>39
{l} CAUG[C] i1@32>32
{l} CAUU[C] i2@10>10
{c} CCA.[C] n5@10>10
{c} CCA.[C] n7@15>15
{l} CCAU[C] i1@31>31
{l} CCUAAGCA[C] i2@23>23
{l} CCUAAGCC[C] i1@25>25
{c} CCUGC[C] n1@4>4
{c} CCUGC[C] n3@9>9
{c} CCUGC[C] n5@6>6
{c} CCUGC[C] n7@11>11
{c} CGAGUCAUAUGUA[C] i1@36>36
{c} CGAGUCAUAUGUA[C] i2@34>34
{l} CGCCUAAGCA[C] i2@21>21
{l} CGCCUAAGCC[C] i1@23>23
{c} CGGU.[C] n4@4>4
{l} CGGUGUUCGCCUAAGCA[C] i2@14>14
{l} CGGUGUUCGCCUAAGCC[C] i1@16>16
{c} CGGUUGAUC.[C] n6@3>3
{l} CGGUUGAUCC[C] n7@3>3
{l} CUAAGCA[C] i2@24>24
{l} CUAAGCC[C] i1@26>26
{l} CUAU[C] i1@12>12
{c} CUG.[C] n0@1>1
{c} CUGC[C] n1@5>5
{c} CUGC[C] n3@10>10
{c} CUGC[C] i1@9>9
{c} CUGC[C] n5@7>7
{c} CUGC[C] n7@12>12
{c} CUGC[C] i2@31>31
{c} CUGC[C] i2@7>7
{c} CUGGUUGA.[C] n2@0>0
{l} CUGGUUGAU[C] n3@0>0
{c} G.[G] n0@3>3
{c} GA.[G] n2@6>6
{l} GAGGUUACUGCA[G] i2@0>0
{l} GAGGUUACUGCU[G] i1@2>2
{c} GAGUCAUAUGUA[G] i1@37>37
{c} GAGUCAUAUGUA[G] i2@35>35
{c} GAUC.[G] n6@8>8
{c} GAUCCUGC[G] n1@1>1
{c} GAUCCUGC[G] n3@6>6
{c} GAUCCUGC[G] n5@3>3
{c} GAUCCUGC[G] n7@8>8
{c} GC[G] n1@7>7
{c} GC[G] n3@12>12
{c} GC[G] i1@35>35
{c} GC[G] i1@30>30
{c} GC[G] i1@24>24
{c} GC[G] i1@11>11
{c} GC[G] n5@9>9
{c} GC[G] n7@14>14
{c} GC[G] i2@33>33
{c} GC[G] i2@28>28
{c} GC[G] i2@22>22
{c} GC[G] i2@9>9
{c} GGU.[G] n4@5>5
{l} GGUGUUCGCCUAAGCA[G] i2@15>15
{l} GGUGUUCGCCUAAGCC[G] i1@17>17
{l} GGUUACUGCA[G] i2@2>2
{l} GGUUACUGCU[G] i1@4>4
{c} GGUUGA.[G] n2@2>2
{c} GGUUGAUC.[G] n6@4>4
{c} GGUUGAUCCUGC.[G] n3@2>2
{l} GGUUGAUCCUGCC[G] n7@4>4
{c} GU.[G] n4@6>6
{c} GUA[G] i1@46>46
{c} GUA[G] i2@44>44
{c} GUCAUAUGUA[G] i1@39>39
{c} GUCAUAUGUA[G] i2@37>37
{l} GUGUUCGCCUAAGCA[G] i2@16>16
{l} GUGUUCGCCUAAGCC[G] i1@18>18
{l} GUUACUGCA[G] i2@3>3
{l} GUUACUGCU[G] i1@5>5
{l} GUUCGCCUAAGCA[G] i2@18>18
{l} GUUCGCCUAAGCC[G] i1@20>20
{c} GUUGA.[G] n2@3>3
{c} GUUGAUC.[G] n6@5>5
{c} GUUGAUCCUGC.[G] n3@3>3
{c} GUUGAUCCUGCCA[G] n5@0>0
{c} GUUGAUCCUGCCA[G] n7@5>5
{c} U.[U] i0@1>1
{c} U.[U] n4@7>7
{c} UA.[U] i1@47>47
{c} UA.[U] i2@45>45
{l} UAAGCA[U] i2@25>25
{l} UAAGCC[U] i1@27>27
{l} UACUGCA[U] i2@5>5
{l} UACUGCU[U] i1@7>7
{l} UAUC[U] i1@13>13
{c} UAUGUA[U] i1@43>43
{c} UAUGUA[U] i2@41>41
{c} UC.[U] n6@10>10
{c} UCAUAUGUA[U] i1@40>40
{c} UCAUAUGUA[U] i2@38>38
{c} UCCUGC[U] n1@3>3
{c} UCCUGC[U] n3@8>8
{c} UCCUGC[U] n5@5>5
{c} UCCUGC[U] n7@10>10
{l} UCGCCUAAGCA[U] i2@20>20
{l} UCGCCUAAGCC[U] i1@22>22
{c} UCGGU.[U] n4@3>3
{l} UCGGUGUUCGCCUAAGCA[U] i2@13>13
{l} UCGGUGUUCGCCUAAGCC[U] i1@15>15
{c} UCGGUUGAUC.[U] n6@2>2
{l} UCGGUUGAUCC[U] n7@2>2
{l} UCU[U] n0@0>0
{c} UG.[U] n0@2>2
{c} UGA.[U] n2@5>5
{c} UGAUC.[U] n6@7>7
{c} UGAUCCUGC[U] n1@0>0
{c} UGAUCCUGC[U] n3@5>5
{c} UGAUCCUGC[U] n5@2>2
{c} UGAUCCUGC[U] n7@7>7
{c} UGC[U] n1@6>6
{c} UGC[U] n3@11>11
{c} UGC[U] i1@34>34
{c} UGC[U] i1@10>10
{c} UGC[U] n5@8>8
{c} UGC[U] n7@13>13
{c} UGC[U] i2@32>32
{c} UGC[U] i2@8>8
{c} UGGUUGA.[U] n2@1>1
{l} UGGUUGAU[U] n3@1>1
{c} UGUA[U] i1@45>45
{c} UGUA[U] i2@43>43
{l} UGUUCGCCUAAGCA[U] i2@17>17
{l} UGUUCGCCUAAGCC[U] i1@19>19
{l} UUACUGCA[U] i2@4>4
{l} UUACUGCU[U] i1@6>6
{l} UUCGCCUAAGCA[U] i2@19>19
{l} UUCGCCUAAGCC[U] i1@21>21
{c} UUCGGU.[U] n4@2>2
{l} UUCGGUG[U] i2@12>12
{c} UUCGGUUGAUC.[U] n6@1>1
{l} UUCGGUUGAUCC[U] n7@1>1
{c} UUGA.[U] n2@4>4
{c} UUGAUC.[U] n6@6>6
{c} UUGAUCCUGC.[U] n3@4>4
{c} UUGAUCCUGCCA[U] n5@1>1
{c} UUGAUCCUGCCA[U] n7@6>6
{c} UUUCGGU.[U] n4@1>1
{c} UUUCGGUUGAUC.[U] n6@0>0
{l} UUUCGGUUGAUCC[U] n7@0>0
