(
 (
  (
   (
    (
     (
      (
       MucRace3:0.002,
       MucRacem:0.000
      ):0.004,
      MucRace2:0.009
     ):0.044,
     AbdGlauc:0.059
    ):0.050,
    (
     CddAlbic:0.306,
     SacCere5:1.524
    ):0.355
   ):0.000,
   MucRaceP:0.000
  ):0.338,
  (
   (
    CytLyti6:0.187,
    TaxOcell:0.172
   ):0.025,
   BctFra12:0.185
  ):0.232
 ):0.165,
 (
  (
   StrCoel9:0.000,
   (
    StrCoelP:0.000,
    StrCoelM:0.003
   ):0.000
  ):0.082,
  StrRamo3:0.069
 ):0.165);