(
 (
  (
   (
    (
     (
      (
       (
        (
         BctFra12:0.201,
         SacCere5:1.740
        ):0.008,
        CytLyti6:0.190
       ):0.007,
       TaxOcell:0.180
      ):0.209,
      (
       StrCoel9:0.084,
       StrRamo3:0.069
      ):0.350
     ):1.828,
     CddAlbic:0.162
    ):0.042,
    AbdGlauc:0.059
   ):0.043,
   MucRace2:0.009
  ):0.004,
  MucRace3:0.002
 ):0.000,
 MucRacem:0.000);