(
 (
  (
   (
    (
     (
      (
       MucRace3:0.002,
       MucRacem:0.000
      ):0.004,
      MucRace2:0.009
     ):0.047,
     AbdGlauc:0.056
    ):0.083,
    CddAlbic:0.130
   ):0.436,
   SacCere5:1.290
  ):0.597,
  (
   (
    CytLyti6:0.176,
    TaxOcell:0.167
   ):0.031,
   BctFra12:0.169
  ):0.201
 ):0.124,
 (
  StrCoel9:0.083,
  StrRamo3:0.069
 ):0.124);