(
 (
  (
   (
    (
     MucRace3:0.002,
     MucRacem:0.000
    ):0.004,
    MucRace2:0.009
   ):0.043,
   AbdGlauc:0.058
  ):0.049,
  (
   (
    (
     MucRaceP:0.000,
     (
      StrCoelP:0.035,
      StrCoelM:0.035
     ):0.000
    ):0.002,
    SacCere5:1.417
   ):0.101,
   CddAlbic:0.327
  ):0.382
 ):0.705,
 (
  (
   (
    CytLyti6:0.174,
    TaxOcell:0.160
   ):0.023,
   BctFra12:0.172
  ):0.213,
  (
   StrCoel9:0.075,
   StrRamo3:0.064
  ):0.278
 ):0.705);