(
 (
  (
   (
    (
     (
      (
       (
        CddAlbic:0.170,
        MucRace2:0.004
       ):0.000,
       MucRace3:0.004
      ):0.004,
      MucRacem:0.002
     ):0.066,
     AbdGlauc:0.041
    ):0.050,
    SacCere5:0.153
   ):1.076,
   (
    StrCoel9:0.056,
    StrRamo3:0.062
   ):0.253
  ):0.079,
  TaxOcell:0.149
 ):0.009,
 (
  BctFra12:0.173,
  CytLyti6:0.159
 ):0.009);