(
 (
  (
   (
    (
     (
      (
       MucRace3:0.002,
       MucRacem:0.000
      ):0.004,
      MucRace2:0.009
     ):0.043,
     AbdGlauc:0.058
    ):0.049,
    (
     CddAlbic:0.299,
     SacCere5:1.479
    ):0.330
   ):0.000,
   MucRaceP:0.000
  ):0.333,
  (
   (
    CytLyti6:0.174,
    TaxOcell:0.160
   ):0.023,
   BctFra12:0.172
  ):0.213
 ):0.140,
 (
  (
   StrCoel9:0.000,
   (
    StrCoelP:0.000,
    StrCoelM:0.003
   ):0.000
  ):0.075,
  StrRamo3:0.064
 ):0.140);