(
 (
  (
   (
    (
     (
      (
       AbdGlauc:1.007,
       BctFra12:1.218
      ):1.814,
      (
       CddAlbic:0.050,
       MucRace3:0.048
      ):0.428
     ):0.330,
     CytLyti6:1.278
    ):1.615,
    MucRacem:1.013
   ):0.072,
   (
    SacCere5:0.876,
    StrRamo3:1.069
   ):1.560
  ):1.308,
  TaxOcell:1.218
 ):0.661,
 (
  MucRace2:0.976,
  StrCoel9:1.005
 ):0.661);