(
 (
  (
   (
    (
     (
      MucRace3:0.002,
      MucRacem:0.000
     ):0.004,
     MucRace2:0.009
    ):0.048,
    AbdGlauc:0.057
   ):0.083,
   (
    CddAlbic:0.057,
    SacCere5:0.072
   ):0.050
  ):1.655,
  (
   (
    BctFra12:0.178,
    CytLyti6:0.132
   ):0.038,
   TaxOcell:0.142
  ):0.187
 ):0.181,
 (
  StrCoel9:0.069,
  StrRamo3:0.064
 ):0.181);