(
 (
  (
   (
    (
     (
      (
       (
        (
         CytLyti6:0.190,
         TaxOcell:0.180
        ):0.033,
        BctFra12:0.183
       ):0.219,
       (
        StrCoel9:0.089,
        StrRamo3:0.075
       ):0.308
      ):0.744,
      SacCere5:1.330
     ):0.455,
     CddAlbic:0.133
    ):0.084,
    AbdGlauc:0.057
   ):0.048,
   MucRace2:0.009
  ):0.004,
  MucRace3:0.002
 ):0.000,
 MucRacem:0.000);