(
 (
  (
   (
    (
     (
      MucRace3:0.002,
      MucRacem:0.000
     ):0.004,
     MucRace2:0.009
    ):0.066,
    AbdGlauc:0.048
   ):0.140,
   CddAlbic:0.063
  ):0.007,
  SacCere5:0.076
 ):0.977,
 (
  (
   (
    CytLyti6:0.157,
    TaxOcell:0.157
   ):0.043,
   BctFra12:0.170
  ):0.220,
  (
   StrCoel9:0.082,
   StrRamo3:0.067
  ):0.316
 ):0.977);