(
 (
  (
   (
    (
     (
      (
       (
        (
         CytLyti6:0.176,
         TaxOcell:0.167
        ):0.031,
        BctFra12:0.169
       ):0.201,
       (
        StrCoel9:0.083,
        StrRamo3:0.069
       ):0.283
      ):0.682,
      SacCere5:1.290
     ):0.419,
     CddAlbic:0.130
    ):0.081,
    AbdGlauc:0.056
   ):0.047,
   MucRace2:0.009
  ):0.004,
  MucRace3:0.002
 ):0.000,
 MucRacem:0.000);