       1      282
MA32_HUMAN MLPLLRCVPR VLGSSVAGLR AAAPASPFRQ LLQPAPRLCT RPFGLLSVRA

GSERRPGLLR PRGPCACGCG CGSLHTDGDK AFVDFLSDEI KEERKIQKHK TLPKMSGGWE

LELNGTEAKL VRKVAGEKIT VTFNINNSIP PTFDGEEEPS QGQKVEEQEP ELTSTPNFVV

EVIKNDDGKK ALVLDCHYPE DEVGQEDEAE SDIFSIREVS FQSTGESEWK DTNYTLNTDS

LDWALYDHLM DFLADRGVDN TFADELVELS TALEHQEYIT FLEDLKSFVK SQ
