(
 (
  (
   (
    (
     (
      (
       BctFra12:0.398,
       StrCoel9:0.409
      ):1.857,
      MucRace2:0.054
     ):0.016,
     CddAlbic:0.171
    ):0.017,
    MucRace3:0.050
   ):0.009,
   SacCere5:0.172
  ):0.027,
  (
   (
    AbdGlauc:0.071,
    TaxOcell:1.379
   ):0.029,
   MucRacem:0.069
  ):0.044
 ):0.899,
 (
  CytLyti6:0.409,
  StrRamo3:0.420
 ):0.899);