#NEXUS
[! RDP - the Ribosomal Database Project, (Mon Sep 27 14:14:43 2010).]
[! To get started, send HELP to rdp@info.mcs.anl.gov ]
BEGIN DATA;
   DIMENSIONS
      NTAX =      0
      NCHAR =      1
      ;
   FORMAT
      LABELPOS = LEFT
      MISSING = .
      EQUATE = "~=.|><"
      INTERLEAVE
      DATATYPE = RNA
      GAP = -
      ;
   OPTIONS
      GAPMODE = MISSING
      ;
   MATRIX
      ;
ENDBLOCK;
