#-
#-
#-	editor
#-	Tue Oct  5 20:03:06 2010
#-
#-
#-	Reference sequence:  A1MVRNA2
#-	Attributes:
#=		A1MVRNA2	in  out  vis  prt   ord  dna  lin  5>3  func ref
#=		ER781674_173	in  out  vis  prt   ord  dna  lin  5>3  func
#=		AY704744_173	in  out  vis  prt   ord  dna  lin  5>3  func
#-
#:A1MVRNA2:name:Alfalfa mosaic virus
#:A1MVRNA2:date:07-NOV-1985
#:A1MVRNA2:acs:X01572;
#:A1MVRNA2:auth:Cornelissen,B.J., Brederode,F.T.M., Veeneman,G.H., van Boom,J
#:A1MVRNA2:auth:.H. and Bol,J.F.
#:A1MVRNA2:title:Complete nucleotide sequence of alfalfa mosaic virus RNA 2
#:A1MVRNA2:rem:ref:1  (bases 1 to 2593)
#:A1MVRNA2:rem:KEYWORDS:unidentified reading frame.
#:A1MVRNA2:rem:GenBank ACCESSION:X01572; J02002; K02702;
#:A1MVRNA2:rem:Data kindly reviewed (30-JAN-1986) by J.F. Bol
#:ER781674_173:date:05-JAN-1910
#:ER781674_173:acs:ER781674;
#:ER781674_173:rem:GenBank ACCESSION:ER781674;
#:ER781674_173:rem:3' end complete:  No
#:ER781674_173:rem:5' end complete:  Yes
#:AY704744_173:date:05-JAN-1910
#:AY704744_173:acs:AY704744;
#:AY704744_173:rem:GenBank ACCESSION:AY704744;
#:AY704744_173:rem:3' end complete:  Yes
#:AY704744_173:rem:5' end complete:  No
A1MVRNA2     0 gtttttatcttttcgcgattgaaaagataagtttttcagtttaatctttt
A1MVRNA2    50 caatatgttc60actcttttgagatgtctcggattcggtgttaatgaacc
A1MVRNA2   100 tactaacacttcctcatcagag120tatgttcccgagtattccgttgaag
A1MVRNA2   150 agatttccaacgaagtcgctgaactcgattcagtg180gatccattattc
A1MVRNA2   200 caatgttacaaacatgtttttgtatcattgatgctcgtaagaaagatg24
A1MVRNA2   250 0actcaagctgccgaagacttcctcgagagttttgggggaga281
ER781674_173     0 tggcgccgtagatgcagcgcgactggcccggcttctcggcgtcgaggtac
ER781674_173    50 tgcgccacgg60ccttggcgctggccacgtccgggcagaccacgatgctc
ER781674_173   100 ttgcgtgagccggcgacgtgga120cgatgcccttggccagttcgatcat
ER781674_173   150 cgtctggtcgttggtgatccgggcggcgatctcgg180cgtcggaatagt
ER781674_173   200 ccttctcgccggcctcgttctccgccacggtcagcgtggagaagtcga24
ER781674_173   250 0tggagacgcggacgaacgcctgcttggcggggcagagccataccgttgg
ER781674_173   300 ccatgcctcac300aggatgtcgcggttgaaggcgaggccctggaacagg
ER781674_173   350 ttggccatcgccac350
AY704744_173     0 gcatcgatgaagaacgcagcgaaatgcgataagtaatgtgaattgcagaa
AY704744_173    50 ttcagtgaat60catcgaatctttgaacgcacattgcgcccattagtatt
AY704744_173   100 ctagtgggcatgcctgttcgag120cgtcatttcaacccttaagcttagc
AY704744_173   150 ttagtattgggaatctgcttaaccgcagctcctta180aatctagttggc
AY704744_173   200 agagcacagctgtactctgagcgtagtaattcattatctcgctttctg24
AY704744_173   250 0aagacagtcgtacgatagccacaaactttgcatcttgcaaactttttaa
AY704744_173   300 tggttgacctc300ggatcaggtaggaatacccgctgaacttaagcatat
AY704744_173   350 caataagcggagga350
