LOCUS       AF375552;     327 bp    RNA             RNA       31-MAY-2001
DEFINITION  Lactococcus lactis subsp. lactis strain NCDO2118 tmRNA gene,
            partial sequence.
ACCESSION   AF375552
KEYWORDS    No information.
SOURCE      Lactococcus lactis subsp. lactis.
  ORGANISM  Lactococcus lactis subsp. lactis.
REFERENCE   1  (bases 1 to 310)
  AUTHORS   Schoenhuber,W., Le Bourhis,G., Tremblay,J., Amann,R. and
            Kulakauskas,S.
  JOURNAL   BMC Microbiol. 1(1), 20-20 (2001)
  TITLE     Utilization of tmRNA sequences for bacterial identification
  STANDARD  No information
REFERENCE   2  (bases 1 to 310)
  AUTHORS   Schoenhuber,W., Le Bourhis,G., Tremblay,J., Amann,R.I. and
            Kulakauskas,S.
  JOURNAL   Submitted (02-MAY-2001) to the EMBL/GenBank/DDBJ databases.
            Microbiology, Institut National de la Recherche Agronomique,
            Domaine de Vilvert, Jouy-en-Josas 78352, France
  TITLE     No information
  STANDARD  No information
COMMENTS    Organism information
              Culture collection: NCDO 2118 tmRNA gene
            Sequence information (bases 1 to 310)
              Corresponding GenBank entry: AF375552;
            Please note: all these entries have been modified for test purposes.
            *source: strain=NCDO2118 tmRNA gene, partial sequence;
            *source: subspecies=lactis;
BASE COUNT      91 a     59 c     74 g     86 t
ORIGIN
        1 cattgtcgcg catgaactgc aactgctgag ggatcaggat aatcatccgc agataaatat
       61 aactgctaaa aataatacac aaacttacgc aatggcagcc taaacagcac catgcgtgcc
      121 tgatttttgc tcactgatgg caatttgacg gcctaaactt ttagtcagat acgttgttgt
      181 ggaggcttga cgcagcaaaa gagatttaaa gccccgcaaa atgtcgctgt ttgagactgg
      241 ctttggcatt ttgttaaatt tgagaaagtc ctatggttgt agacgttgat gtagcaaggt
      301 gtttggacag
//
LOCUS       HSFAU
DEFINITION  H.sapiens fau mRNA.
ACCESSION   X65923
KEYWORDS    No information.
SOURCE      No information.
  ORGANISM  No information.
REFERENCE   1
  AUTHORS   No information
  JOURNAL   No information
  TITLE     No information
  STANDARD  No information
BASE COUNT     125 a    139 c    148 g    106 t
ORIGIN
        1 ttcctctttc tcgactccat cttcgcggta gctgggaccg ccgttcagtc gccaatatgc
       61 agctctttgt ccgcgcccag gagctacaca ccttcgaggt gaccggccag gaaacggtcg
      121 cccagatcaa ggctcatgta gcctcactgg agggcattgc cccggaagat caagtcgtgc
      181 tcctggcagg cgcgcccctg gaggatgagg ccactctggg ccagtgcggg gtggaggccc
      241 tgactaccct ggaagtagca ggccgcatgc ttggaggtaa agttcatggt tccctggccc
      301 gtgctggaaa agtgagaggt cagactccta aggtggccaa acaggagaag aagaagaaga
      361 agacaggtcg ggctaagcgg cggatgcagt acaaccggcg ctttgtcaac gttgtgccca
      421 cctttggcaa gaagaagggc cccaatgcca actcttaagt cttttgtaat tctggctttc
      481 tctaataaaa aagccactta gttcagtcaa aaaaaaaa
//
LOCUS       HSFAU1
DEFINITION  H.sapiens fau 1 gene This is just a long text which overflows the
            maximum line size allowed for EMBL files
            This_is_just_another_long_text_which_overflows_the_maximum_line_siz
            e_allowed_for_EMBL_files
            ThisWordContainsExactlySixtyEightCharactersWhichIsTheLimitForconver
            t
            ThisWordContainsExactlySixtyNineCharactersSoOneCharacterWillBeWrapp
            ed ThisConverterLiesEverywhere!
            ThisWordContainsExactlySeventyFourCharactersWhichIsRealTheLimitForE
            mblline.
ACCESSION   X65921
KEYWORDS    No information.
SOURCE      No information.
  ORGANISM  No information.
REFERENCE   1
  AUTHORS   No information
  JOURNAL   No information
  TITLE     No information
  STANDARD  No information
COMMENTS    Organism information
              Source of strain: This is the content of the special entry
                    'Source of strain'
              Former name: This is the content of the special entry 'Former
                    name'
              Alternate name: This is the content of the special entry
                    'Alternate name'. It is quite long, since i need to test
                    some special entry which occupies many lines and when i
                    say many lines, i really mean at least five lines, so i
                    could not stop writing before i came here.
              Common name: This is the content of the special entry 'Common
                    name'
              Host organism: This is the content of the special entry 'Host
                    organism'
            Sequence information (bases 1 to 2016)
              RDP ID: This is the content of the special entry 'RDP ID'
              Corresponding GenBank entry: X65921;
              Sequencing methods: This is the content of the special entry
                    'Sequencing methods'
              5' end complete: Yes
              3' end complete: No
            Organism and Sequence information have only been added for
            test purposes. They are complete nonsense!
BASE COUNT     421 a    562 c    538 g    495 t
ORIGIN
        1 ctaccatttt ccctctcgat tctatatgta cactcgggac aagttctcct gatcgaaaac
       61 ggcaaaacta aggccccaag taggaatgcc ttagttttcg gggttaacaa tgattaacac
      121 tgagcctcac acccacgcga tgccctcagc tcctcgctca gcgctctcac caacagccgt
      181 agcccgcagc cccgctggac accggttctc catccccgca gcgtagcccg gaacatggta
      241 gctgccatct ttacctgcta cgccagcctt ctgtgcgcgc aactgtctgg tcccgccccg
      301 tcctgcgcga gctgctgccc aggcaggttc gccggtgcga gcgtaaaggg gcggagctag
      361 gactgccttg ggcggtacaa atagcaggga accgcgcggt cgctcagcag tgacgtgaca
      421 cgcagcccac ggtctgtact gacgcgccct cgcttcttcc tctttctcga ctccatcttc
      481 gcggtagctg ggaccgccgt tcaggtaaga atggggcctt ggctggatcc gaagggcttg
      541 tagcaggttg gctgcggggt cagaaggcgc ggggggaacc gaagaacggg gcctgctccg
      601 tggccctgct ccagtcccta tccgaactcc ttgggaggca ctggccttcc gcacgtgagc
      661 cgccgcgacc accatcccgt cgcgatcgtt tctggaccgc tttccactcc caaatctcct
      721 ttatcccaga gcatttcttg gcttctctta caagccgtct tttctttact cagtcgccaa
      781 tatgcagctc tttgtccgcg cccaggagct acacaccttc gaggtgaccg gccaggaaac
      841 ggtcgcccag atcaaggtaa ggctgcttgg tgcgccctgg gttccatttt cttgtgctct
      901 tcactctcgc ggcccgaggg aacgcttacg agccttatct ttccctgtag gctcatgtag
      961 cctcactgga gggcattgcc ccggaagatc aagtcgtgct cctggcaggc gcgcccctgg
     1021 aggatgaggc cactctgggc cagtgcgggg tggaggccct gactaccctg gaagtagcag
     1081 gccgcatgct tggaggtgag tgagagagga atgttctttg aagtaccggt aagcgtctag
     1141 tgagtgtggg gtgcatagtc ctgacagctg agtgtcacac ctatggtaat agagtacttc
     1201 tcactgtctt cagttcagag tgattcttcc tgtttacatc cctcatgttg aacacagacg
     1261 tccatgggag actgagccag agtgtagttg tatttcagtc acatcacgag atcctagtct
     1321 ggttatcagc ttccacacta aaaattaggt cagaccaggc cccaaagtgc tctataaatt
     1381 agaagctgga agatcctgaa atgaaactta agatttcaag gtcaaatatc tgcaactttg
     1441 ttctcattac ctattgggcg cagcttctct ttaaaggctt gaattgagaa aagaggggtt
     1501 ctgctgggtg gcaccttctt gctcttacct gctggtgcct tcctttccca ctacaggtaa
     1561 agtccatggt tccctggccc gtgctggaaa agtgagaggt cagactccta aggtgagtga
     1621 gagtattagt ggtcatggtg ttaggacttt ttttcctttc acagctaaac caagtccctg
     1681 ggctcttact cggtttgcct tctccctccc tggagatgag cctgagggaa gggatgctag
     1741 gtgtggaaga caggaaccag ggcctgatta accttccctt ctccaggtgg ccaaacagga
     1801 gaagaagaag aagaagacag gtcgggctaa gcggcggatg cagtacaacc ggcgctttgt
     1861 caacgttgtg cccacctttg gcaagaagaa gggccccaat gccaactctt aagtcttttg
     1921 taattctggc tttctctaat aaaaaagcca cttagttcag tcatcgcatt gtttcatctt
     1981 tacttgcaag gcctcaggga gaggtgtgct tctcgg
//
