 AF375552;     1 cattgtcgcgcatgaactgcaactgctgagggatcaggataatcatccgcagataaatataa
 HSFAU         1 ttcctctttctcgactccatcttcgcggtagctgggaccgccgttcagtcgccaatatgcag
 HSFAU1        1 ctaccattttccctctcgattctatatgtacactcgggacaagttctcctgatcgaaaacgg


 AF375552;    63 ctgctaaaaataatacacaaacttacgcaatggcagcctaaacagcaccatgcgtgcctgat
 HSFAU        63 ctctttgtccgcgcccaggagctacacaccttcgaggtgaccggccaggaaacggtcgccca
 HSFAU1       63 caaaactaaggccccaagtaggaatgccttagttttcggggttaacaatgattaacactgag


 AF375552;   125 ttttgctcactgatggcaatttgacggcctaaacttttagtcagatacgttgttgtggaggc
 HSFAU       125 gatcaaggctcatgtagcctcactggagggcattgccccggaagatcaagtcgtgctcctgg
 HSFAU1      125 cctcacacccacgcgatgccctcagctcctcgctcagcgctctcaccaacagccgtagcccg


 AF375552;   187 ttgacgcagcaaaagagatttaaagccccgcaaaatgtcgctgtttgagactggctttggca
 HSFAU       187 caggcgcgcccctggaggatgaggccactctgggccagtgcggggtggaggccctgactacc
 HSFAU1      187 cagccccgctggacaccggttctccatccccgcagcgtagcccggaacatggtagctgccat


 AF375552;   249 ttttgttaaatttgagaaagtcctatggttgtagacgttgatgtagcaaggtgtttggacag
 HSFAU       249 ctggaagtagcaggccgcatgcttggaggtaaagttcatggttccctggcccgtgctggaaa
 HSFAU1      249 ctttacctgctacgccagccttctgtgcgcgcaactgtctggtcccgccccgtcctgcgcga


 AF375552;
 HSFAU       311 agtgagaggtcagactcctaaggtggccaaacaggagaagaagaagaagaagacaggtcggg
 HSFAU1      311 gctgctgcccaggcaggttcgccggtgcgagcgtaaaggggcggagctaggactgccttggg


 AF375552;
 HSFAU       373 ctaagcggcggatgcagtacaaccggcgctttgtcaacgttgtgcccacctttggcaagaag
 HSFAU1      373 cggtacaaatagcagggaaccgcgcggtcgctcagcagtgacgtgacacgcagcccacggtc


 AF375552;
 HSFAU       435 aagggccccaatgccaactcttaagtcttttgtaattctggctttctctaataaaaaagcca
 HSFAU1      435 tgtactgacgcgccctcgcttcttcctctttctcgactccatcttcgcggtagctgggaccg


 AF375552;
 HSFAU       497 cttagttcagtcaaaaaaaaaa
 HSFAU1      497 ccgttcaggtaagaatggggccttggctggatccgaagggcttgtagcaggttggctgcggg


 AF375552;
 HSFAU
 HSFAU1      559 gtcagaaggcgcggggggaaccgaagaacggggcctgctccgtggccctgctccagtcccta


 AF375552;
 HSFAU
 HSFAU1      621 tccgaactccttgggaggcactggccttccgcacgtgagccgccgcgaccaccatcccgtcg


 AF375552;
 HSFAU
 HSFAU1      683 cgatcgtttctggaccgctttccactcccaaatctcctttatcccagagcatttcttggctt


 AF375552;
 HSFAU
 HSFAU1      745 ctcttacaagccgtcttttctttactcagtcgccaatatgcagctctttgtccgcgcccagg


 AF375552;
 HSFAU
 HSFAU1      807 agctacacaccttcgaggtgaccggccaggaaacggtcgcccagatcaaggtaaggctgctt


 AF375552;
 HSFAU
 HSFAU1      869 ggtgcgccctgggttccattttcttgtgctcttcactctcgcggcccgagggaacgcttacg


 AF375552;
 HSFAU
 HSFAU1      931 agccttatctttccctgtaggctcatgtagcctcactggagggcattgccccggaagatcaa


 AF375552;
 HSFAU
 HSFAU1      993 gtcgtgctcctggcaggcgcgcccctggaggatgaggccactctgggccagtgcggggtgga


 AF375552;
 HSFAU
 HSFAU1     1055 ggccctgactaccctggaagtagcaggccgcatgcttggaggtgagtgagagaggaatgttc


 AF375552;
 HSFAU
 HSFAU1     1117 tttgaagtaccggtaagcgtctagtgagtgtggggtgcatagtcctgacagctgagtgtcac


 AF375552;
 HSFAU
 HSFAU1     1179 acctatggtaatagagtacttctcactgtcttcagttcagagtgattcttcctgtttacatc


 AF375552;
 HSFAU
 HSFAU1     1241 cctcatgttgaacacagacgtccatgggagactgagccagagtgtagttgtatttcagtcac


 AF375552;
 HSFAU
 HSFAU1     1303 atcacgagatcctagtctggttatcagcttccacactaaaaattaggtcagaccaggcccca


 AF375552;
 HSFAU
 HSFAU1     1365 aagtgctctataaattagaagctggaagatcctgaaatgaaacttaagatttcaaggtcaaa


 AF375552;
 HSFAU
 HSFAU1     1427 tatctgcaactttgttctcattacctattgggcgcagcttctctttaaaggcttgaattgag


 AF375552;
 HSFAU
 HSFAU1     1489 aaaagaggggttctgctgggtggcaccttcttgctcttacctgctggtgccttcctttccca


 AF375552;
 HSFAU
 HSFAU1     1551 ctacaggtaaagtccatggttccctggcccgtgctggaaaagtgagaggtcagactcctaag


 AF375552;
 HSFAU
 HSFAU1     1613 gtgagtgagagtattagtggtcatggtgttaggactttttttcctttcacagctaaaccaag


 AF375552;
 HSFAU
 HSFAU1     1675 tccctgggctcttactcggtttgccttctccctccctggagatgagcctgagggaagggatg


 AF375552;
 HSFAU
 HSFAU1     1737 ctaggtgtggaagacaggaaccagggcctgattaaccttcccttctccaggtggccaaacag


 AF375552;
 HSFAU
 HSFAU1     1799 gagaagaagaagaagaagacaggtcgggctaagcggcggatgcagtacaaccggcgctttgt


 AF375552;
 HSFAU
 HSFAU1     1861 caacgttgtgcccacctttggcaagaagaagggccccaatgccaactcttaagtcttttgta


 AF375552;
 HSFAU
 HSFAU1     1923 attctggctttctctaataaaaaagccacttagttcagtcatcgcattgtttcatctttact


 AF375552;
 HSFAU
 HSFAU1     1985 tgcaaggcctcagggagaggtgtgcttctcgg
