 AF375552;     1 cattgtcgcgcatgaactgcaactgctgagggatcaggataatcatccgcagataaatat60
 A1MVRNA2      1 gtttttatcttttcgcgattgaaaagataagtttttcagtttaatcttttcaatatgttc60
 ER781674_1    1 tggcgccgtagatgcagcgcgactggcccggcttctcggcgtcgaggtactgcgccacgg60
 AY704744_1    1 gcatcgatgaagaacgcagcgaaatgcgataagtaatgtgaattgcagaattcagtgaat60
 Y15714;       1 agagtttgatnngggctcaggatgaacgctggcggcgtgcctaatacatgcaagtcgagc60


 AF375552;    63 aactgctaaaaataatacacaaacttacgcaatggcagcctaaacagcaccatgcgtgcc12
 A1MVRNA2     63 actcttttgagatgtctcggattcggtgttaatgaacctactaacacttcctcatcagag12
 ER781674_1   63 ccttggcgctggccacgtccgggcagaccacgatgctcttgcgtgagccggcgacgtgga12
 AY704744_1   63 catcgaatctttgaacgcacattgcgcccattagtattctagtgggcatgcctgttcgag12
 Y15714;      63 ggacagacgaggtgcttgcacctctgaagtcagcggcggacgggtgagtaacacgtgggt12


 AF375552;   125 0tgatttttgctcactgatggcaatttgacggcctaaacttttagtcagatacgttgttgt1
 A1MVRNA2    125 0tatgttcccgagtattccgttgaagagatttccaacgaagtcgctgaactcgattcagtg1
 ER781674_1  125 0cgatgcccttggccagttcgatcatcgtctggtcgttggtgatccgggcggcgatctcgg1
 AY704744_1  125 0cgtcatttcaacccttaagcttagcttagtattgggaatctgcttaaccgcagctcctta1
 Y15714;     125 0aacctacctgtaagactgggataacttcgggaaaccggagctaataccggataatatttt1


 AF375552;   187 80ggaggcttgacgcagcaaaagagatttaaagccccgcaaaatgtcgctgtttgagactgg
 A1MVRNA2    187 80gatccattattccaatgttacaaacatgtttttgtatcattgatgctcgtaagaaagatg
 ER781674_1  187 80cgtcggaatagtccttctcgccggcctcgttctccgccacggtcagcgtggagaagtcga
 AY704744_1  187 80aatctagttggcagagcacagctgtactctgagcgtagtaattcattatctcgctttctg
 Y15714;     187 80ccacctcatggtggaatagtgaaagacggttttgctgtcacttacagatggacccgcggc


 AF375552;   249 240ctttggcattttgttaaatttgagaaagtcctatggttgtagacgttgatgtagcaagg
 A1MVRNA2    249 240actcaagctgccgaagacttcctcgagagttttgggggaga281
 ER781674_1  249 240tggagacgcggacgaacgcctgcttggcggggcagagccataccgttggccatgcctca
 AY704744_1  249 240aagacagtcgtacgatagccacaaactttgcatcttgcaaactttttaatggttgacct
 Y15714;     249 240gcattagctagttggtgaggtaacggctcaccaaggcgacgatgcgtagccgacctgag


 AF375552;   311 t300gtttggacag310
 A1MVRNA2
 ER781674_1  311 c300aggatgtcgcggttgaaggcgaggccctggaacaggttggccatcgccac350
 AY704744_1  311 c300ggatcaggtaggaatacccgctgaacttaagcatatcaataagcggagga350
 Y15714;     311 a300gggtgatcggccacactgggactgagacacggcccagactcctacgggaggcagcagt


 AF375552;
 A1MVRNA2
 ER781674_1
 AY704744_1
 Y15714;     373 ag360ggaatcttccgcaatggacgaaagtctgacggagcaacgccgcgtgagtgaagaagg


 AF375552;
 A1MVRNA2
 ER781674_1
 AY704744_1
 Y15714;     435 tct420tcggatcgtaaaactctgttgtaagggaagaacaagtacgttagtaactgaacgta


 AF375552;
 A1MVRNA2
 ER781674_1
 AY704744_1
 Y15714;     497 cctt480gacggtaccttaccagaaagccacggctaactacgtgccagcagccgcggtaata


 AF375552;
 A1MVRNA2
 ER781674_1
 AY704744_1
 Y15714;     559 cgtag540gtggcaagcgttatccggaattattgggcgtaaagcgcgcgtaggcggtttctt


 AF375552;
 A1MVRNA2
 ER781674_1
 AY704744_1
 Y15714;     621 aagtct600gatgtgaaagcccccggctcaaccggggagggtcattggaaactgggagactt


 AF375552;
 A1MVRNA2
 ER781674_1
 AY704744_1
 Y15714;     683 gagtgca660gaagaggagagtggaattccatgtgtagcggtgaaatgcgcagagatatgga


 AF375552;
 A1MVRNA2
 ER781674_1
 AY704744_1
 Y15714;     745 ggaacacc720agtggcgaaggcggctctctggtctgtaactgacgctgaggtgcgaaagcg


 AF375552;
 A1MVRNA2
 ER781674_1
 AY704744_1
 Y15714;     807 tggggatca780aacaggattagataccctggtagtccacgccgtaaacgatgagtgctaag


 AF375552;
 A1MVRNA2
 ER781674_1
 AY704744_1
 Y15714;     869 tgttgggggg840tttccgcccctcagtgctgcagctaacgcattaagcactccgcctgggg


 AF375552;
 A1MVRNA2
 ER781674_1
 AY704744_1
 Y15714;     931 agtacggtcgc900aagactgaaactcaaaggaattgacggggacccgcacaagcggtggag


 AF375552;
 A1MVRNA2
 ER781674_1
 AY704744_1
 Y15714;     993 catgtggtttaa960ttcgaagcaacgcgaagaaccttaccaaatcttgacatcctctgaca


 AF375552;
 A1MVRNA2
 ER781674_1
 AY704744_1
 Y15714;    1055 actctggagacag1020agcgttccccttcgggggacagagtgacaggtggtgcatggttgt


 AF375552;
 A1MVRNA2
 ER781674_1
 AY704744_1
 Y15714;    1117 cgtcagctcgtgtcg1080tgagatgttgggttaagtcccgcaacgagcgcaacccttatct


 AF375552;
 A1MVRNA2
 ER781674_1
 AY704744_1
 Y15714;    1179 ttagttgccatcattca1140gttgggcactctagagagactgccggtgacaaaccggagga


 AF375552;
 A1MVRNA2
 ER781674_1
 AY704744_1
 Y15714;    1241 aggtggggatgacgtcaaa1200tcatcatgccccttatgatttgggctacacacgtgctac


 AF375552;
 A1MVRNA2
 ER781674_1
 AY704744_1
 Y15714;    1303 aatggatggtacaaagggcag1260caaaaccgcgaggtcaagcaaatcccataaaaccatt


 AF375552;
 A1MVRNA2
 ER781674_1
 AY704744_1
 Y15714;    1365 ctcagttcggattgtagtctgca1320actcgactacatgaagctggaatcgctagtaatcg


 AF375552;
 A1MVRNA2
 ER781674_1
 AY704744_1
 Y15714;    1427 tagatcagcatgctacggtgaatac1380gttcccgggtcttgtacacaccgcccgtcacac


 AF375552;
 A1MVRNA2
 ER781674_1
 AY704744_1
 Y15714;    1489 cacgagagtttgtaacacccgaagccg1440gtggagtaacctttacaggagctagccgtcg


 AF375552;
 A1MVRNA2
 ER781674_1
 AY704744_1
 Y15714;    1551 aaggtgggacagatgattggggtgaagtc1500gtaacaaggtagccgtatcggaaggtgcg


 AF375552;
 A1MVRNA2
 ER781674_1
 AY704744_1
 Y15714;    1613 gctggatcacctccttt1546
