       4     1633
A1MVRNA2   gtttttatct tttcgcgatt gaaaagataa gtttttcagt ttaatctttt
ER781674_1 tggcgccgta gatgcagcgc gactggcccg gcttctcggc gtcgaggtac
AY704744_1 gcatcgatga agaacgcagc gaaatgcgat aagtaatgtg aattgcagaa
Y15714;    agagtttgat nngggctcag gatgaacgct ggcggcgtgc ctaatacatg

caatatgttc 60actctttt gagatgtctc ggattcggtg ttaatgaacc tactaacact
tgcgccacgg 60ccttggcg ctggccacgt ccgggcagac cacgatgctc ttgcgtgagc
ttcagtgaat 60catcgaat ctttgaacgc acattgcgcc cattagtatt ctagtgggca
caagtcgagc 60ggacagac gaggtgcttg cacctctgaa gtcagcggcg gacgggtgag

tcctcatcag ag120tatgt tcccgagtat tccgttgaag agatttccaa cgaagtcgct
cggcgacgtg ga120cgatg cccttggcca gttcgatcat cgtctggtcg ttggtgatcc
tgcctgttcg ag120cgtca tttcaaccct taagcttagc ttagtattgg gaatctgctt
taacacgtgg gt120aacct acctgtaaga ctgggataac ttcgggaaac cggagctaat

gaactcgatt cagtg180ga tccattattc caatgttaca aacatgtttt tgtatcattg
gggcggcgat ctcgg180cg tcggaatagt ccttctcgcc ggcctcgttc tccgccacgg
aaccgcagct cctta180aa tctagttggc agagcacagc tgtactctga gcgtagtaat
accggataat atttt180cc acctcatggt ggaatagtga aagacggttt tgctgtcact

atgctcgtaa gaaagatg24 0actcaagct gccgaagact tcctcgagag ttttggggga
tcagcgtgga gaagtcga24 0tggagacgc ggacgaacgc ctgcttggcg gggcagagcc
tcattatctc gctttctg24 0aagacagtc gtacgatagc cacaaacttt gcatcttgca
tacagatgga cccgcggc24 0gcattagct agttggtgag gtaacggctc accaaggcga

ga281
ataccgttgg ccatgcctca c300aggatg tcgcggttga aggcgaggcc ctggaacagg
aactttttaa tggttgacct c300ggatca ggtaggaata cccgctgaac ttaagcatat
cgatgcgtag ccgacctgag a300gggtga tcggccacac tgggactgag acacggccca


ttggccatcg ccac350
caataagcgg agga350
gactcctacg ggaggcagca gtag360gga atcttccgca atggacgaaa gtctgacgga




gcaacgccgc gtgagtgaag aaggtct420 tcggatcgta aaactctgtt gtaagggaag




aacaagtacg ttagtaactg aacgtacctt 480gacggta ccttaccaga aagccacggc




taactacgtg ccagcagccg cggtaatacg tag540gtgg caagcgttat ccggaattat




tgggcgtaaa gcgcgcgtag gcggtttctt aagtct600g atgtgaaagc ccccggctca




accggggagg gtcattggaa actgggagac ttgagtgca6 60gaagagga gagtggaatt




ccatgtgtag cggtgaaatg cgcagagata tggaggaaca cc720agtgg cgaaggcggc




tctctggtct gtaactgacg ctgaggtgcg aaagcgtggg gatca780aa caggattaga




taccctggta gtccacgccg taaacgatga gtgctaagtg ttgggggg84 0tttccgccc




ctcagtgctg cagctaacgc attaagcact ccgcctgggg agtacggtcg c900aagact




gaaactcaaa ggaattgacg gggacccgca caagcggtgg agcatgtggt ttaa960ttc




gaagcaacgc gaagaacctt accaaatctt gacatcctct gacaactctg gagacag102




0agcgttccc cttcggggga cagagtgaca ggtggtgcat ggttgtcgtc agctcgtgtc




g1080tgaga tgttgggtta agtcccgcaa cgagcgcaac ccttatcttt agttgccatc




attca1140g ttgggcactc tagagagact gccggtgaca aaccggagga aggtggggat




gacgtcaaa1 200tcatcat gccccttatg atttgggcta cacacgtgct acaatggatg




gtacaaaggg cag1260caa aaccgcgagg tcaagcaaat cccataaaac cattctcagt




tcggattgta gtctgca132 0actcgacta catgaagctg gaatcgctag taatcgtaga




tcagcatgct acggtgaata c1380gttcc cgggtcttgt acacaccgcc cgtcacacca




cgagagtttg taacacccga agccg1440g tggagtaacc tttacaggag ctagccgtcg




aaggtgggac agatgattgg ggtgaagtc1 500gtaacaa ggtagccgta tcggaaggtg




cggctggatc acctccttt1 546
