#:MetMazei:name:Methanosarcina mazei.
#:MetMazei:date:21-JAN-1910
#:MetMazei:acs:X69874
#:MetMazei:rem:ref:1
#:MetMazei:rem:GenBank ACCESSION:X69874

MetMazei  Length: 66  September 28, 2010  20:29:51  Type: N  Check: 2814  ..

       1  AUUCUGGUUG AUCCUGCCAG AGGUUACUGC UAUCGGUGUU CGCCUAAGCC 

      51  AUGCGAGUCA UAUGUA 
