#-
#-
#-	editor
#-	Sun Oct 24 21:52:26 2010
#-
#-
#-	Reference sequence:  AF375552;
#-	Attributes:
#=		AF375552;	in  out  vis  prt   ord  dna  lin  5>3  func ref
#=		A1MVRNA2	in  out  vis  prt   ord  dna  lin  5>3  func
#=		ER781674_1	in  out  vis  prt   ord  dna  lin  5>3  func
#=		AY704744_1	in  out  vis  prt   ord  dna  lin  5>3  func
#=		Y15714;		in  out  vis  prt   ord  dna  lin  5>3  func
#-
#:AF375552;:name:Lactococcus lactis subsp. lactis
#:AF375552;:strain:NCDO2118 tmRNA gene, partial sequence
#:AF375552;:subsp:lactis
#:AF375552;:atcc:NCDO 2118 tmRNA gene
#:AF375552;:date:31-MAY-2001
#:AF375552;:acs:AF375552;
#:AF375552;:auth:Schoenhuber,W., Le Bourhis,G., Tremblay,J., Amann,R. and
#:AF375552;:auth:Kulakauskas,S.
#:AF375552;:jour:BMC Microbiol. 1(1), 20-20 (2001)
#:AF375552;:title:Utilization of tmRNA sequences for bacterial identification
#:AF375552;:rem:ref:1  (bases 1 to 310)
#:AF375552;:rem:ref:2  (bases 1 to 310)
#:AF375552;:rem:auth:Schoenhuber,W., Le Bourhis,G., Tremblay,J., Amann,R.I.
#:AF375552;:rem::  and Kulakauskas,S.
#:AF375552;:rem:jour:Submitted (02-MAY-2001) to the EMBL/GenBank/DDBJ
#:AF375552;:rem::  databases. Microbiology, Institut National de la Recherche
#:AF375552;:rem::  Agronomique, Domaine de Vilvert, Jouy-en-Josas 78352,
#:AF375552;:rem::  France
#:AF375552;:rem:GenBank ACCESSION:AF375552;
#:AF375552;:rem:Please note: all these entries have been modified for test
#:AF375552;:rem:purposes.
#:AF375552;:rem:*source: strain=NCDO2118 tmRNA gene, partial sequence;
#:AF375552;:rem:*source: subspecies=lactis;
#:A1MVRNA2:name:Alfalfa mosaic virus
#:A1MVRNA2:date:07-NOV-1985
#:A1MVRNA2:acs:X01572;
#:A1MVRNA2:auth:Cornelissen,B.J., Brederode,F.T.M., Veeneman,G.H., van Boom,J.
#:A1MVRNA2:auth:H. and Bol,J.F.
#:A1MVRNA2:title:Complete nucleotide sequence of alfalfa mosaic virus RNA 2
#:A1MVRNA2:rem:ref:1  (bases 1 to 2593)
#:A1MVRNA2:rem:KEYWORDS:unidentified reading frame.
#:A1MVRNA2:rem:GenBank ACCESSION:X01572; J02002; K02702;
#:A1MVRNA2:rem:Data kindly reviewed (30-JAN-1986) by J.F. Bol
#:ER781674_1:rna:This is the content of the special entry 'Sequencing methods'
#:ER781674_1:date:24-OCT-2010
#:ER781674_1:acs:ER781674;
#:ER781674_1:rem:GenBank ACCESSION:ER781674;
#:ER781674_1:rem:Source of strain:This is the content of the special entry
#:ER781674_1:rem::  'Source of strain'
#:ER781674_1:rem:Former name:This is the content of the special entry 'Former
#:ER781674_1:rem::  name'
#:ER781674_1:rem:Alternate name:This is the content of the special entry
#:ER781674_1:rem::  'Alternate name'. It is quite long, since i need to test
#:ER781674_1:rem::  some special entry which occupies many lines and when i
#:ER781674_1:rem::  say many lines, i really mean at least five lines, so i
#:ER781674_1:rem::  could not stop writing before i came here.
#:ER781674_1:rem:Common name:This is the content of the special entry 'Common
#:ER781674_1:rem::  name'
#:ER781674_1:rem:Host organism:This is the content of the special entry 'Host
#:ER781674_1:rem::  organism'
#:ER781674_1:rem:RDP ID:This is the content of the special entry 'RDP ID'
#:ER781674_1:rem:Sequencing methods:This is the content of the special entry
#:ER781674_1:rem::  'Sequencing methods'
#:ER781674_1:rem:3' end complete:  No
#:ER781674_1:rem:5' end complete:  Yes
#:ER781674_1:rem:Organism and Sequence information have only been added for
#:ER781674_1:rem:test purposes. They are complete nonsense!
#:AY704744_1:date:24-OCT-2010
#:AY704744_1:acs:AY704744;
#:AY704744_1:rem:GenBank ACCESSION:AY704744;
#:AY704744_1:rem:3' end complete:  Yes
#:AY704744_1:rem:5' end complete:  No
#:AY704744_1:rem:Next 2 lines are nonsense
#:Y15714;:name:Macrococcus bovicus
#:Y15714;:date:17-NOV-1998
#:Y15714;:acs:Y15714;
#:Y15714;:auth:Kloos,W.E., Ballard,D.N., George,C.G., Webster,J.A., Hubner,R.J.
#:Y15714;:auth:, Ludwig,W., Schleifer,K.H., Fiedler,F. and Schubert,K.
#:Y15714;:jour:Int. J. Syst. Bacteriol. 48, 859-877 (1998)
#:Y15714;:title:Delimiting the genus Staphylococcus through description of
#:Y15714;:title:Macrococcus caseolyticus gen. nov., comb. nov. and the new
#:Y15714;:title:species Macrococcus equipercicus sp. nov., Macrococcus bovicus
#:Y15714;:title:sp. nov., and Macrococcus carouselicus sp. nov.
#:Y15714;:rem:ref:1
#:Y15714;:rem:ref:2  (bases 1 to 1546)
#:Y15714;:rem:auth:Ludwig,W.
#:Y15714;:rem:jour:Submitted (26-NOV-1997) to the EMBL/GenBank/DDBJ databases.
#:Y15714;:rem::  W. Ludwig, Lehrstuhl fuer Mikrobiologie, Technische
#:Y15714;:rem::  Universitaet Muenchen, Munich, FRG
#:Y15714;:rem:KEYWORDS:16S ribosomal RNA; 16S rRNA gene.
#:Y15714;:rem:GenBank ACCESSION:Y15714;
AF375552;     0 cattgtcgcgcatgaactgcaactgctgagggatcaggataatcatccgc
AF375552;    50 agataaatat60aactgctaaaaataatacacaaacttacgcaatggcag
AF375552;   100 cctaaacagcaccatgcgtgcc120tgatttttgctcactgatggcaatt
AF375552;   150 tgacggcctaaacttttagtcagatacgttgttgt180ggaggcttgacg
AF375552;   200 cagcaaaagagatttaaagccccgcaaaatgtcgctgtttgagactgg24
AF375552;   250 0ctttggcattttgttaaatttgagaaagtcctatggttgtagacgttga
AF375552;   300 tgtagcaaggt300gtttggacag310
A1MVRNA2     0 gtttttatcttttcgcgattgaaaagataagtttttcagtttaatctttt
A1MVRNA2    50 caatatgttc60actcttttgagatgtctcggattcggtgttaatgaacc
A1MVRNA2   100 tactaacacttcctcatcagag120tatgttcccgagtattccgttgaag
A1MVRNA2   150 agatttccaacgaagtcgctgaactcgattcagtg180gatccattattc
A1MVRNA2   200 caatgttacaaacatgtttttgtatcattgatgctcgtaagaaagatg24
A1MVRNA2   250 0actcaagctgccgaagacttcctcgagagttttgggggaga281
ER781674_1     0 tggcgccgtagatgcagcgcgactggcccggcttctcggcgtcgaggtac
ER781674_1    50 tgcgccacgg60ccttggcgctggccacgtccgggcagaccacgatgctc
ER781674_1   100 ttgcgtgagccggcgacgtgga120cgatgcccttggccagttcgatcat
ER781674_1   150 cgtctggtcgttggtgatccgggcggcgatctcgg180cgtcggaatagt
ER781674_1   200 ccttctcgccggcctcgttctccgccacggtcagcgtggagaagtcga24
ER781674_1   250 0tggagacgcggacgaacgcctgcttggcggggcagagccataccgttgg
ER781674_1   300 ccatgcctcac300aggatgtcgcggttgaaggcgaggccctggaacagg
ER781674_1   350 ttggccatcgccac350
AY704744_1     0 gcatcgatgaagaacgcagcgaaatgcgataagtaatgtgaattgcagaa
AY704744_1    50 ttcagtgaat60catcgaatctttgaacgcacattgcgcccattagtatt
AY704744_1   100 ctagtgggcatgcctgttcgag120cgtcatttcaacccttaagcttagc
AY704744_1   150 ttagtattgggaatctgcttaaccgcagctcctta180aatctagttggc
AY704744_1   200 agagcacagctgtactctgagcgtagtaattcattatctcgctttctg24
AY704744_1   250 0aagacagtcgtacgatagccacaaactttgcatcttgcaaactttttaa
AY704744_1   300 tggttgacctc300ggatcaggtaggaatacccgctgaacttaagcatat
AY704744_1   350 caataagcggagga350
Y15714;     0 agagtttgatnngggctcaggatgaacgctggcggcgtgcctaatacatg
Y15714;    50 caagtcgagc60ggacagacgaggtgcttgcacctctgaagtcagcggcg
Y15714;   100 gacgggtgagtaacacgtgggt120aacctacctgtaagactgggataac
Y15714;   150 ttcgggaaaccggagctaataccggataatatttt180ccacctcatggt
Y15714;   200 ggaatagtgaaagacggttttgctgtcacttacagatggacccgcggc24
Y15714;   250 0gcattagctagttggtgaggtaacggctcaccaaggcgacgatgcgtag
Y15714;   300 ccgacctgaga300gggtgatcggccacactgggactgagacacggccca
Y15714;   350 gactcctacgggaggcagcagtag360ggaatcttccgcaatggacgaaa
Y15714;   400 gtctgacggagcaacgccgcgtgagtgaagaaggtct420tcggatcgta
Y15714;   450 aaactctgttgtaagggaagaacaagtacgttagtaactgaacgtacctt
Y15714;   500 480gacggtaccttaccagaaagccacggctaactacgtgccagcagccg
Y15714;   550 cggtaatacgtag540gtggcaagcgttatccggaattattgggcgtaaa
Y15714;   600 gcgcgcgtaggcggtttcttaagtct600gatgtgaaagcccccggctca
Y15714;   650 accggggagggtcattggaaactgggagacttgagtgca660gaagagga
Y15714;   700 gagtggaattccatgtgtagcggtgaaatgcgcagagatatggaggaaca
Y15714;   750 cc720agtggcgaaggcggctctctggtctgtaactgacgctgaggtgcg
Y15714;   800 aaagcgtggggatca780aacaggattagataccctggtagtccacgccg
Y15714;   850 taaacgatgagtgctaagtgttgggggg840tttccgcccctcagtgctg
Y15714;   900 cagctaacgcattaagcactccgcctggggagtacggtcgc900aagact
Y15714;   950 gaaactcaaaggaattgacggggacccgcacaagcggtggagcatgtggt
Y15714;  1000 ttaa960ttcgaagcaacgcgaagaaccttaccaaatcttgacatcctct
Y15714;  1050 gacaactctggagacag1020agcgttccccttcgggggacagagtgaca
Y15714;  1100 ggtggtgcatggttgtcgtcagctcgtgtcg1080tgagatgttgggtta
Y15714;  1150 agtcccgcaacgagcgcaacccttatctttagttgccatcattca1140g
Y15714;  1200 ttgggcactctagagagactgccggtgacaaaccggaggaaggtggggat
Y15714;  1250 gacgtcaaa1200tcatcatgccccttatgatttgggctacacacgtgct
Y15714;  1300 acaatggatggtacaaagggcag1260caaaaccgcgaggtcaagcaaat
Y15714;  1350 cccataaaaccattctcagttcggattgtagtctgca1320actcgacta
Y15714;  1400 catgaagctggaatcgctagtaatcgtagatcagcatgctacggtgaata
Y15714;  1450 c1380gttcccgggtcttgtacacaccgcccgtcacaccacgagagtttg
Y15714;  1500 taacacccgaagccg1440gtggagtaacctttacaggagctagccgtcg
Y15714;  1550 aaggtgggacagatgattggggtgaagtc1500gtaacaaggtagccgta
Y15714;  1600 tcggaaggtgcggctggatcacctccttt1546
