LOCUS       AF375552;     327 bp    RNA             RNA       31-MAY-2001
DEFINITION  Lactococcus lactis subsp. lactis strain NCDO2118 tmRNA gene,
            partial sequence.
ACCESSION   AF375552
KEYWORDS    No information.
SOURCE      Lactococcus lactis subsp. lactis.
  ORGANISM  Lactococcus lactis subsp. lactis.
REFERENCE   1  (bases 1 to 310)
  AUTHORS   Schoenhuber,W., Le Bourhis,G., Tremblay,J., Amann,R. and
            Kulakauskas,S.
  TITLE     Utilization of tmRNA sequences for bacterial identification
  JOURNAL   BMC Microbiol. 1(1), 20-20 (2001)
  STANDARD  No information
REFERENCE   2  (bases 1 to 310)
  AUTHORS   Schoenhuber,W., Le Bourhis,G., Tremblay,J., Amann,R.I. and
            Kulakauskas,S.
  JOURNAL   Submitted (02-MAY-2001) to the EMBL/GenBank/DDBJ databases.
            Microbiology, Institut National de la Recherche Agronomique,
            Domaine de Vilvert, Jouy-en-Josas 78352, France
  STANDARD  No information
COMMENTS    Organism information
              Culture collection: NCDO 2118 tmRNA gene
            Sequence information (bases 1 to 327)
              Corresponding GenBank entry: AF375552;
            Please note: all these entries have been modified for test purposes.
            *source: strain=NCDO2118 tmRNA gene, partial sequence;
            *source: subspecies=lactis;
BASE COUNT      91 a     59 c     74 g     86 t     17 others
ORIGIN

AF375552;  Length: 327  October 20, 2010  20:08:40  Type: N  Check: 6875  ..

       1  cattgtcgcg catgaactgc aactgctgag ggatcaggat aatcatccgc 

      51  agataaatat 60aactgcta aaaataatac acaaacttac gcaatggcag 

     101  cctaaacagc accatgcgtg cc120tgatt tttgctcact gatggcaatt 

     151  tgacggccta aacttttagt cagatacgtt gttgt180gg aggcttgacg 

     201  cagcaaaaga gatttaaagc cccgcaaaat gtcgctgttt gagactgg24 

     251  0ctttggcat tttgttaaat ttgagaaagt cctatggttg tagacgttga 

     301  tgtagcaagg t300gtttgg acag310 
